
> game-project@1.0.0 dev:client
> vite --host


  [32m[1mVITE[22m v7.0.6[39m  [2mready in [0m[1m277[22m[2m[0m ms[22m

  [32m➜[39m  [1mLocal[22m:   [36mhttp://localhost:[1m5173[22m/[39m
  [32m➜[39m  [1mNetwork[22m: [36mhttp://192.168.0.209:[1m5173[22m/[39m
[2m[32m  ➜[39m[22m[2m  press [22m[1mh + enter[22m[2m to show help[22m
[2m23:08:25[22m [36m[1m[vite][22m[39m [90m[2m(client)[22m[39m [32mhmr update [39m[2m/src/views/MachineShopView.vue[22m
[2m23:09:34[22m [36m[1m[vite][22m[39m [90m[2m(client)[22m[39m [32mhmr update [39m[2m/src/views/MachineShopView.vue?vue&type=style&index=0&scoped=7241c1e1&lang.css[22m
[2m23:11:37[22m [36m[1m[vite][22m[39m [90m[2m(client)[22m[39m [32mhmr update [39m[2m/src/views/MachineShopView.vue?vue&type=style&index=0&scoped=7241c1e1&lang.css[22m
[2m23:38:18[22m [36m[1m[vite][22m[39m [90m[2m(client)[22m[39m [32mhmr update [39m[2m/src/views/MachineShopView.vue[22m
[2m23:38:59[22m [36m[1m[vite][22m[39m [90m[2m(client)[22m[39m [32mhmr update [39m[2m/src/views/MachineShopView.vue?vue&type=style&index=0&scoped=7241c1e1&lang.css[22m
[2m23:40:14[22m [36m[1m[vite][22m[39m [90m[2m(client)[22m[39m [32mhmr update [39m[2m/src/App.vue[22m
[2m23:47:34[22m [36m[1m[vite][22m[39m [90m[2m(client)[22m[39m [32mhmr update [39m[2m/src/views/MachineShopView.vue[22m
[2m23:48:00[22m [36m[1m[vite][22m[39m [90m[2m(client)[22m[39m [32mhmr update [39m[2m/src/views/MachineShopView.vue?vue&type=style&index=0&scoped=7241c1e1&lang.css[22m
[2m23:50:46[22m [36m[1m[vite][22m[39m [90m[2m(client)[22m[39m [32mhmr update [39m[2m/src/views/MachineShopView.vue?vue&type=style&index=0&scoped=7241c1e1&lang.css[22m
[2m0:06:20[22m [36m[1m[vite][22m[39m [90m[2m(client)[22m[39m [32mhmr update [39m[2m/src/views/MachineShopView.vue[22m
[2m0:06:44[22m [36m[1m[vite][22m[39m [90m[2m(client)[22m[39m [32mhmr update [39m[2m/src/views/MachineShopView.vue?vue&type=style&index=0&scoped=7241c1e1&lang.css[22m
[2m0:07:03[22m [36m[1m[vite][22m[39m [90m[2m(client)[22m[39m [32mhmr update [39m[2m/src/components/modals/status/InventoryTab.vue[22m
[2m0:07:15[22m [36m[1m[vite][22m[39m [90m[2m(client)[22m[39m [32mhmr update [39m[2m/src/components/modals/status/InventoryTab.vue[22m
[2m0:15:17[22m [36m[1m[vite][22m[39m [90m[2m(client)[22m[39m [32mhmr update [39m[2m/src/views/MachineShopView.vue[22m
[2m0:15:23[22m [36m[1m[vite][22m[39m [90m[2m(client)[22m[39m [32mhmr update [39m[2m/src/views/MachineShopView.vue, /src/views/MachineShopView.vue?vue&type=style&index=0&scoped=7241c1e1&lang.css[22m
[2m0:15:54[22m [36m[1m[vite][22m[39m [90m[2m(client)[22m[39m [32mhmr update [39m[2m/src/views/MachineShopView.vue?vue&type=style&index=0&scoped=7241c1e1&lang.css[22m
[2m0:16:57[22m [36m[1m[vite][22m[39m [90m[2m(client)[22m[39m [32mhmr update [39m[2m/src/views/MachineShopView.vue?vue&type=style&index=0&scoped=7241c1e1&lang.css[22m
[2m0:19:00[22m [36m[1m[vite][22m[39m [90m[2m(client)[22m[39m [32mhmr update [39m[2m/src/views/MachineShopView.vue?vue&type=style&index=0&scoped=7241c1e1&lang.css[22m
[2m0:20:22[22m [36m[1m[vite][22m[39m [90m[2m(client)[22m[39m [32mhmr update [39m[2m/src/views/MachineShopView.vue?vue&type=style&index=0&scoped=7241c1e1&lang.css[22m
[2m0:21:24[22m [36m[1m[vite][22m[39m [90m[2m(client)[22m[39m [32mhmr update [39m[2m/src/views/MachineShopView.vue?vue&type=style&index=0&scoped=7241c1e1&lang.css[22m
[2m0:23:45[22m [36m[1m[vite][22m[39m [90m[2m(client)[22m[39m [32mhmr update [39m[2m/src/views/MachineShopView.vue, /src/views/MachineShopView.vue?vue&type=style&index=0&scoped=7241c1e1&lang.css[22m
[2m0:24:37[22m [36m[1m[vite][22m[39m [90m[2m(client)[22m[39m [32mhmr update [39m[2m/src/views/MachineShopView.vue?vue&type=style&index=0&scoped=7241c1e1&lang.css[22m
[2m0:26:01[22m [36m[1m[vite][22m[39m [90m[2m(client)[22m[39m [32mhmr update [39m[2m/src/views/MachineShopView.vue[22m
[2m0:26:10[22m [36m[1m[vite][22m[39m [90m[2m(client)[22m[39m [32mhmr update [39m[2m/src/views/MachineShopView.vue?vue&type=style&index=0&scoped=7241c1e1&lang.css[22m
[2m0:36:28[22m [36m[1m[vite][22m[39m [90m[2m(client)[22m[39m [32mhmr update [39m[2m/src/views/MachineShopView.vue[22m
[2m0:36:38[22m [36m[1m[vite][22m[39m [90m[2m(client)[22m[39m [32mhmr update [39m[2m/src/views/MachineShopView.vue[22m
[2m0:37:02[22m [36m[1m[vite][22m[39m [90m[2m(client)[22m[39m [32mhmr update [39m[2m/src/views/MachineShopView.vue, /src/views/MachineShopView.vue?vue&type=style&index=0&scoped=7241c1e1&lang.css[22m
[2m0:57:51[22m [36m[1m[vite][22m[39m [90m[2m(client)[22m[39m [32mhmr update [39m[2m/src/views/MachineShopView.vue[22m
[2m0:58:04[22m [36m[1m[vite][22m[39m [90m[2m(client)[22m[39m [32mhmr update [39m[2m/src/views/MachineShopView.vue[22m
[2m0:58:29[22m [36m[1m[vite][22m[39m [90m[2m(client)[22m[39m [32mhmr update [39m[2m/src/views/MachineShopView.vue?vue&type=style&index=0&scoped=7241c1e1&lang.css[22m
[2m0:59:21[22m [36m[1m[vite][22m[39m [90m[2m(client)[22m[39m [32mhmr update [39m[2m/src/views/MachineShopView.vue[22m
[2m0:59:37[22m [36m[1m[vite][22m[39m [90m[2m(client)[22m[39m [32mhmr update [39m[2m/src/views/MachineShopView.vue?vue&type=style&index=0&scoped=7241c1e1&lang.css[22m
[2m1:11:31[22m [36m[1m[vite][22m[39m [90m[2m(client)[22m[39m [32mhmr update [39m[2m/src/views/MachineShopView.vue, /src/views/MachineShopView.vue?vue&type=style&index=0&scoped=7241c1e1&lang.css[22m
[2m1:12:18[22m [36m[1m[vite][22m[39m [90m[2m(client)[22m[39m [32mhmr update [39m[2m/src/views/MachineShopView.vue?vue&type=style&index=0&scoped=7241c1e1&lang.css[22m
[2m1:21:44[22m [36m[1m[vite][22m[39m [90m[2m(client)[22m[39m [32mhmr update [39m[2m/src/views/MachineShopView.vue?vue&type=style&index=0&scoped=7241c1e1&lang.css[22m
[2m1:34:52[22m [36m[1m[vite][22m[39m [90m[2m(client)[22m[39m [32mhmr update [39m[2m/src/App.vue[22m
[2m1:35:59[22m [36m[1m[vite][22m[39m [90m[2m(client)[22m[39m [32mhmr update [39m[2m/src/views/MachineShopView.vue?vue&type=style&index=0&scoped=7241c1e1&lang.css[22m
[2m1:37:38[22m [36m[1m[vite][22m[39m [90m[2m(client)[22m[39m [32mhmr update [39m[2m/src/views/MachineShopView.vue?vue&type=style&index=0&scoped=7241c1e1&lang.css[22m
[2m1:37:44[22m [36m[1m[vite][22m[39m [90m[2m(client)[22m[39m [32mhmr update [39m[2m/src/views/MachineShopView.vue?vue&type=style&index=0&scoped=7241c1e1&lang.css[22m
[2m9:42:34[22m [36m[1m[vite][22m[39m [90m[2m(client)[22m[39m [32mhmr update [39m[2m/src/views/login.vue[22m
[2m9:57:18[22m [36m[1m[vite][22m[39m [90m[2m(client)[22m[39m [32mhmr update [39m[2m/src/components/modals/robot/UIModal.vue[22m
[2m9:57:18[22m [36m[1m[vite][22m[39m [90m[2m(client)[22m[39m [32mhmr update [39m[2m/src/components/modals/robot/BattleView.vue[22m
[2m9:57:30[22m [36m[1m[vite][22m[39m [90m[2m(client)[22m[39m [32mhmr update [39m[2m/src/components/modals/robot/BattleView.vue?vue&type=style&index=0&scoped=4136b9b6&lang.css[22m
[2m17:37:38[22m [36m[1m[vite][22m[39m [90m[2m(client)[22m[39m [32mhmr update [39m[2m/src/views/CharacterSelectView.vue, /src/views/CharacterCreateView.vue, /src/views/login.vue, /src/components/modals/CharacterStatusModal.vue, /src/components/modals/RaceModal.vue, /src/components/modals/ClassModal.vue, /src/components/modals/status/BaseTab.vue, /src/components/modals/status/InventoryTab.vue, /src/components/modals/status/SkillsTab.vue, /src/components/modals/status/StatsTab.vue, /src/components/modals/RaceDetailModal.vue, /src/components/modals/ClasseDetailModal.vue, /src/views/MachineShopView.vue, /src/components/modals/robot/BattleView.vue, /src/components/modals/robot/UIModal.vue, /src/components/modals/robot/SkillEffectEditorModal.vue, /src/components/modals/robot/DialogueMessageModal.vue, /src/components/modals/robot/TargetMarker.vue, /src/components/modals/robot/BattleView_ver2.vue, /src/components/modals/robot/DialogueMessageEditorModal.vue[22m
[2m17:37:38[22m [36m[1m[vite][22m[39m [90m[2m(client)[22m[39m [32mhmr update [39m[2m/src/components/modals/robot/BattleView.vue[22m
[2m17:37:38[22m [36m[1m[vite][22m[39m [90m[2m(client)[22m[39m [32mhmr update [39m[2m/src/components/modals/robot/OptionsModal.vue[22m
[2m17:38:24[22m [36m[1m[vite][22m[39m [90m[2m(client)[22m[39m [32mhmr update [39m[2m/src/views/CharacterSelectView.vue, /src/views/CharacterCreateView.vue, /src/views/login.vue, /src/components/modals/CharacterStatusModal.vue, /src/components/modals/RaceModal.vue, /src/components/modals/ClassModal.vue, /src/components/modals/status/BaseTab.vue, /src/components/modals/status/InventoryTab.vue, /src/components/modals/status/SkillsTab.vue, /src/components/modals/status/StatsTab.vue, /src/components/modals/RaceDetailModal.vue, /src/components/modals/ClasseDetailModal.vue, /src/views/MachineShopView.vue, /src/components/modals/robot/BattleView.vue, /src/components/modals/robot/UIModal.vue, /src/components/modals/robot/SkillEffectEditorModal.vue, /src/components/modals/robot/DialogueMessageModal.vue, /src/components/modals/robot/TargetMarker.vue, /src/components/modals/robot/BattleView_ver2.vue, /src/components/modals/robot/DialogueMessageEditorModal.vue[22m
[2m17:40:11[22m [36m[1m[vite][22m[39m [90m[2m(client)[22m[39m [32mhmr update [39m[2m/src/views/CharacterSelectView.vue, /src/views/CharacterCreateView.vue, /src/views/login.vue, /src/components/modals/CharacterStatusModal.vue, /src/components/modals/RaceModal.vue, /src/components/modals/ClassModal.vue, /src/components/modals/status/BaseTab.vue, /src/components/modals/status/InventoryTab.vue, /src/components/modals/status/SkillsTab.vue, /src/components/modals/status/StatsTab.vue, /src/components/modals/RaceDetailModal.vue, /src/components/modals/ClasseDetailModal.vue, /src/views/MachineShopView.vue, /src/components/modals/robot/BattleView.vue, /src/components/modals/robot/UIModal.vue, /src/components/modals/robot/SkillEffectEditorModal.vue, /src/components/modals/robot/DialogueMessageModal.vue, /src/components/modals/robot/TargetMarker.vue, /src/components/modals/robot/BattleView_ver2.vue, /src/components/modals/robot/DialogueMessageEditorModal.vue[22m
[2m17:40:20[22m [36m[1m[vite][22m[39m [90m[2m(client)[22m[39m [32mhmr update [39m[2m/src/views/CharacterSelectView.vue, /src/views/CharacterCreateView.vue, /src/views/login.vue, /src/components/modals/CharacterStatusModal.vue, /src/components/modals/RaceModal.vue, /src/components/modals/ClassModal.vue, /src/components/modals/status/BaseTab.vue, /src/components/modals/status/InventoryTab.vue, /src/components/modals/status/SkillsTab.vue, /src/components/modals/status/StatsTab.vue, /src/components/modals/RaceDetailModal.vue, /src/components/modals/ClasseDetailModal.vue, /src/views/MachineShopView.vue, /src/components/modals/robot/BattleView.vue, /src/components/modals/robot/UIModal.vue, /src/components/modals/robot/SkillEffectEditorModal.vue, /src/components/modals/robot/DialogueMessageModal.vue, /src/components/modals/robot/TargetMarker.vue, /src/components/modals/robot/BattleView_ver2.vue, /src/components/modals/robot/DialogueMessageEditorModal.vue[22m
[2m17:40:32[22m [36m[1m[vite][22m[39m [90m[2m(client)[22m[39m [32mhmr update [39m[2m/src/views/MachineAdventureView.vue[22m
[2m17:40:32[22m [36m[1m[vite][22m[39m [90m[2m(client)[22m[39m [32mhmr update [39m[2m/src/components/modals/robot/BattleView.vue[22m
[2m17:40:40[22m [36m[1m[vite][22m[39m [90m[2m(client)[22m[39m [32mhmr update [39m[2m/src/components/modals/robot/BattleView.vue[22m
[2m17:41:06[22m [36m[1m[vite][22m[39m [90m[2m(client)[22m[39m [32mhmr update [39m[2m/src/views/GuestView.vue[22m
[2m17:57:58[22m [36m[1m[vite][22m[39m [90m[2m(client)[22m[39m [32mhmr update [39m[2m/src/views/MachineAdventureView.vue[22m
[2m17:57:58[22m [36m[1m[vite][22m[39m [90m[2m(client)[22m[39m [32mhmr update [39m[2m/src/views/GuestView.vue[22m
[2m17:57:58[22m [36m[1m[vite][22m[39m [90m[2m(client)[22m[39m [32mhmr update [39m[2m/src/components/modals/robot/BattleView.vue[22m
[2m18:01:39[22m [36m[1m[vite][22m[39m [90m[2m(client)[22m[39m [32mhmr update [39m[2m/src/components/modals/robot/OptionsModal.vue[22m
[2m18:01:39[22m [36m[1m[vite][22m[39m [90m[2m(client)[22m[39m [32mhmr update [39m[2m/src/views/MachineAdventureView.vue[22m
[2m18:01:39[22m [36m[1m[vite][22m[39m [90m[2m(client)[22m[39m [32mhmr update [39m[2m/src/views/GuestView.vue[22m
[2m18:01:48[22m [36m[1m[vite][22m[39m [90m[2m(client)[22m[39m [32mhmr update [39m[2m/src/components/modals/robot/OptionsModal.vue[22m
[2m20:30:51[22m [36m[1m[vite][22m[39m [90m[2m(client)[22m[39m [32mpage reload [39m[2m2d_bone_editor_split/index.html[22m
[2m20:30:51[22m [36m[1m[vite][22m[39m [90m[2m(client)[22m[39m [32mpage reload [39m[2m2d_bone_editor_split/index.html[22m
[2m23:17:21[22m [36m[1m[vite][22m[39m [90m[2m(client)[22m[39m [32mpage reload [39m[2m2d_bone_editor_split/2d_bone_editor_compact_ui_single_v10.html[22m
[2m23:17:21[22m [36m[1m[vite][22m[39m [90m[2m(client)[22m[39m [32mpage reload [39m[2m2d_bone_editor_split/2d_bone_editor_compact_ui_single_v10.html[22m
[2m0:16:39[22m [36m[1m[vite][22m[39m [90m[2m(client)[22m[39m [32mpage reload [39m[2m2d_bone_editor_split/2d_bone_editor_compact_ui_single_v10.html[22m
[2m0:17:02[22m [36m[1m[vite][22m[39m [90m[2m(client)[22m[39m [32mpage reload [39m[2m2d_bone_editor_split/2d_bone_editor_compact_ui_single_v15.html[22m
[2m0:17:02[22m [36m[1m[vite][22m[39m [90m[2m(client)[22m[39m [32mpage reload [39m[2m2d_bone_editor_split/2d_bone_editor_compact_ui_single_v15.html[22m
[2m1:33:36[22m [36m[1m[vite][22m[39m [90m[2m(client)[22m[39m [32mpage reload [39m[2m2d_bone_editor_split/2d_bone_editor_compact_ui_single_v24.html[22m
[2m1:33:36[22m [36m[1m[vite][22m[39m [90m[2m(client)[22m[39m [32mpage reload [39m[2m2d_bone_editor_split/2d_bone_editor_compact_ui_single_v24.html[22m
[2m1:33:37[22m [36m[1m[vite][22m[39m [90m[2m(client)[22m[39m [32mpage reload [39m[2m2d_bone_editor_split/2d_bone_editor_compact_ui_single_v15.html[22m
[2m1:51:17[22m [36m[1m[vite][22m[39m [90m[2m(client)[22m[39m [32mpage reload [39m[2m2d_bone_editor_split/index.html[22m
[2m1:51:20[22m [36m[1m[vite][22m[39m [90m[2m(client)[22m[39m [32mpage reload [39m[2m2d_bone_editor_split/2d_bone_editor_compact_ui_single_v24.html[22m
[2m1:54:06[22m [36m[1m[vite][22m[39m [90m[2m(client)[22m[39m [32mhmr update [39m[2m/src/views/GuestView.vue, /src/views/GuestView.vue?vue&type=style&index=0&scoped=685d5c51&lang.css[22m
[2m2:17:40[22m [36m[1m[vite][22m[39m [90m[2m(client)[22m[39m [32mpage reload [39m[2m2d_bone_editor_split/app.js[22m
[2m2:17:40[22m [36m[1m[vite][22m[39m [90m[2m(client)[22m[39m [32mpage reload [39m[2m2d_bone_editor_split/index.html[22m
[2m2:17:40[22m [36m[1m[vite][22m[39m [90m[2m(client)[22m[39m [32mhmr update [39m[2m/2d_bone_editor_split/style.css?direct[22m
[2m2:31:01[22m [36m[1m[vite][22m[39m [90m[2m(client)[22m[39m [32mpage reload [39m[2m2d_bone_editor_split/index.html[22m
[2m2:31:11[22m [36m[1m[vite][22m[39m [90m[2m(client)[22m[39m [32mhmr update [39m[2m/2d_bone_editor_split/style.css?direct[22m
[2m2:31:20[22m [36m[1m[vite][22m[39m [90m[2m(client)[22m[39m [32mpage reload [39m[2m2d_bone_editor_split/app.js[22m
[2m2:31:30[22m [36m[1m[vite][22m[39m [90m[2m(client)[22m[39m [32mpage reload [39m[2m2d_bone_editor_split/app.js[22m
[2m2:31:52[22m [36m[1m[vite][22m[39m [90m[2m(client)[22m[39m [32mpage reload [39m[2m2d_bone_editor_split/app.js[22m
[2m2:32:03[22m [36m[1m[vite][22m[39m [90m[2m(client)[22m[39m [32mpage reload [39m[2m2d_bone_editor_split/app.js[22m
[2m2:32:09[22m [36m[1m[vite][22m[39m [90m[2m(client)[22m[39m [32mpage reload [39m[2m2d_bone_editor_split/app.js[22m
[2m2:33:33[22m [36m[1m[vite][22m[39m [90m[2m(client)[22m[39m [32mpage reload [39m[2m2d_bone_editor_split/app.js[22m
[2m2:33:40[22m [36m[1m[vite][22m[39m [90m[2m(client)[22m[39m [32mpage reload [39m[2m2d_bone_editor_split/app.js[22m
[2m2:40:10[22m [36m[1m[vite][22m[39m [90m[2m(client)[22m[39m [32mpage reload [39m[2m2d_bone_editor_split/index.html[22m
[2m2:40:19[22m [36m[1m[vite][22m[39m [90m[2m(client)[22m[39m [32mhmr update [39m[2m/2d_bone_editor_split/style.css?direct[22m
[2m2:40:35[22m [36m[1m[vite][22m[39m [90m[2m(client)[22m[39m [32mpage reload [39m[2m2d_bone_editor_split/app.js[22m
[2m2:40:42[22m [36m[1m[vite][22m[39m [90m[2m(client)[22m[39m [32mpage reload [39m[2m2d_bone_editor_split/app.js[22m
[2m2:44:28[22m [36m[1m[vite][22m[39m [90m[2m(client)[22m[39m [32mhmr update [39m[2m/2d_bone_editor_split/style.css?direct[22m
[2m2:46:53[22m [36m[1m[vite][22m[39m [90m[2m(client)[22m[39m [32mpage reload [39m[2m2d_bone_editor_split/app.js[22m
[2m2:55:14[22m [36m[1m[vite][22m[39m [90m[2m(client)[22m[39m [32mpage reload [39m[2m2d_bone_editor_split/index.html[22m
[2m2:55:14[22m [36m[1m[vite][22m[39m [90m[2m(client)[22m[39m [32mhmr update [39m[2m/2d_bone_editor_split/style.css?direct[22m
[2m2:55:14[22m [36m[1m[vite][22m[39m [90m[2m(client)[22m[39m [32mpage reload [39m[2m2d_bone_editor_split/app.js[22m
[2m2:55:50[22m [36m[1m[vite][22m[39m [90m[2m(client)[22m[39m [32mpage reload [39m[2m2d_bone_editor_split/app.js[22m
[2m2:56:00[22m [36m[1m[vite][22m[39m [90m[2m(client)[22m[39m [32mpage reload [39m[2m2d_bone_editor_split/app.js[22m
[2m2:57:27[22m [36m[1m[vite][22m[39m [90m[2m(client)[22m[39m [32mpage reload [39m[2m2d_bone_editor_split/index.html[22m
[2m2:57:27[22m [36m[1m[vite][22m[39m [90m[2m(client)[22m[39m [32mhmr update [39m[2m/2d_bone_editor_split/style.css?direct[22m
[2m2:57:27[22m [36m[1m[vite][22m[39m [90m[2m(client)[22m[39m [32mpage reload [39m[2m2d_bone_editor_split/app.js[22m
[2m3:03:58[22m [36m[1m[vite][22m[39m [32mvite.config.mjs changed, restarting server...[39m
[2m3:03:58[22m [36m[1m[vite][22m[39m [90m[2m(client)[22m[39m Re-optimizing dependencies because vite config has changed
[2m3:03:58[22m [36m[1m[vite][22m[39m server restarted.
[2m3:04:29[22m [36m[1m[vite][22m[39m [90m[2m(client)[22m[39m [32mpage reload [39m[2m2d_bone_editor_split/index.html[22m
[2m3:04:29[22m [36m[1m[vite][22m[39m [90m[2m(client)[22m[39m [32mhmr update [39m[2m/2d_bone_editor_split/style.css?direct[22m
[2m3:05:16[22m [36m[1m[vite][22m[39m [90m[2m(client)[22m[39m [32mpage reload [39m[2m2d_bone_editor_split/app.js[22m
[2m3:05:26[22m [36m[1m[vite][22m[39m [90m[2m(client)[22m[39m [32mpage reload [39m[2m2d_bone_editor_split/app.js[22m
[2m3:05:40[22m [36m[1m[vite][22m[39m [90m[2m(client)[22m[39m [32mpage reload [39m[2m2d_bone_editor_split/app.js[22m
[2m3:06:52[22m [36m[1m[vite][22m[39m [90m[2m(client)[22m[39m [32mhmr update [39m[2m/2d_bone_editor_split/style.css?direct[22m
[2m3:08:14[22m [36m[1m[vite][22m[39m [90m[2m(client)[22m[39m [32mhmr update [39m[2m/2d_bone_editor_split/style.css?direct[22m
[2m3:14:35[22m [36m[1m[vite][22m[39m [90m[2m(client)[22m[39m [32mpage reload [39m[2m2d_bone_editor_split/index.html[22m
[2m3:14:35[22m [36m[1m[vite][22m[39m [90m[2m(client)[22m[39m [32mhmr update [39m[2m/2d_bone_editor_split/style.css?direct[22m
[2m3:14:35[22m [36m[1m[vite][22m[39m [90m[2m(client)[22m[39m [32mpage reload [39m[2m2d_bone_editor_split/app.js[22m
[2m3:14:50[22m [36m[1m[vite][22m[39m [90m[2m(client)[22m[39m [32mpage reload [39m[2m2d_bone_editor_split/app.js[22m
[2m3:20:19[22m [36m[1m[vite][22m[39m [90m[2m(client)[22m[39m [32mpage reload [39m[2m2d_bone_editor_split/index.html[22m
[2m3:20:19[22m [36m[1m[vite][22m[39m [90m[2m(client)[22m[39m [32mpage reload [39m[2m2d_bone_editor_split/app.js[22m
[2m3:45:28[22m [36m[1m[vite][22m[39m [90m[2m(client)[22m[39m [32mpage reload [39m[2m2d_bone_editor_split/index.html[22m
[2m3:45:28[22m [36m[1m[vite][22m[39m [90m[2m(client)[22m[39m [32mhmr update [39m[2m/2d_bone_editor_split/style.css?direct[22m
[2m3:45:28[22m [36m[1m[vite][22m[39m [90m[2m(client)[22m[39m [32mpage reload [39m[2m2d_bone_editor_split/app.js[22m
[2m3:45:38[22m [36m[1m[vite][22m[39m [90m[2m(client)[22m[39m [32mpage reload [39m[2m2d_bone_editor_split/app.js[22m
[2m3:49:32[22m [36m[1m[vite][22m[39m [90m[2m(client)[22m[39m [32mhmr update [39m[2m/2d_bone_editor_split/style.css?direct[22m
[2m4:07:27[22m [36m[1m[vite][22m[39m [90m[2m(client)[22m[39m [32mhmr update [39m[2m/2d_bone_editor_split/style.css?direct[22m
[2m4:07:27[22m [36m[1m[vite][22m[39m [90m[2m(client)[22m[39m [32mpage reload [39m[2m2d_bone_editor_split/app.js[22m
[2m4:07:32[22m [36m[1m[vite][22m[39m [90m[2m(client)[22m[39m [32mpage reload [39m[2m2d_bone_editor_split/app.js[22m
[2m4:08:01[22m [36m[1m[vite][22m[39m [90m[2m(client)[22m[39m [32mpage reload [39m[2m2d_bone_editor_split/index.html[22m
[2m4:08:19[22m [36m[1m[vite][22m[39m [90m[2m(client)[22m[39m [32mhmr update [39m[2m/2d_bone_editor_split/style.css?direct[22m
[2m4:09:51[22m [36m[1m[vite][22m[39m [90m[2m(client)[22m[39m [32mpage reload [39m[2m2d_bone_editor_split/index.html[22m
[2m4:09:59[22m [36m[1m[vite][22m[39m [90m[2m(client)[22m[39m [32mpage reload [39m[2m2d_bone_editor_split/app.js[22m
[2m4:10:54[22m [36m[1m[vite][22m[39m [90m[2m(client)[22m[39m [32mpage reload [39m[2m2d_bone_editor_split/app.js[22m
[2m4:11:00[22m [36m[1m[vite][22m[39m [90m[2m(client)[22m[39m [32mpage reload [39m[2m2d_bone_editor_split/app.js[22m
[2m4:11:40[22m [36m[1m[vite][22m[39m [90m[2m(client)[22m[39m [32mpage reload [39m[2m2d_bone_editor_split/app.js[22m
[2m4:11:59[22m [36m[1m[vite][22m[39m [90m[2m(client)[22m[39m [32mpage reload [39m[2m2d_bone_editor_split/app.js[22m
[2m4:12:16[22m [36m[1m[vite][22m[39m [90m[2m(client)[22m[39m [32mpage reload [39m[2m2d_bone_editor_split/app.js[22m
[2m4:22:00[22m [36m[1m[vite][22m[39m [90m[2m(client)[22m[39m [32mpage reload [39m[2m2d_bone_editor_split/index.html[22m
[2m4:22:16[22m [36m[1m[vite][22m[39m [90m[2m(client)[22m[39m [32mhmr update [39m[2m/2d_bone_editor_split/style.css?direct[22m
[2m4:22:31[22m [36m[1m[vite][22m[39m [90m[2m(client)[22m[39m [32mpage reload [39m[2m2d_bone_editor_split/app.js[22m
[2m4:23:10[22m [36m[1m[vite][22m[39m [90m[2m(client)[22m[39m [32mpage reload [39m[2m2d_bone_editor_split/app.js[22m
[2m4:23:59[22m [36m[1m[vite][22m[39m [90m[2m(client)[22m[39m [32mpage reload [39m[2m2d_bone_editor_split/app.js[22m
[2m4:24:38[22m [36m[1m[vite][22m[39m [90m[2m(client)[22m[39m [32mpage reload [39m[2m2d_bone_editor_split/app.js[22m
[2m4:25:12[22m [36m[1m[vite][22m[39m [90m[2m(client)[22m[39m [32mpage reload [39m[2m2d_bone_editor_split/app.js[22m
[2m4:28:23[22m [36m[1m[vite][22m[39m [90m[2m(client)[22m[39m [32mpage reload [39m[2m2d_bone_editor_split/app.js[22m
[2m4:28:57[22m [36m[1m[vite][22m[39m [90m[2m(client)[22m[39m [32mpage reload [39m[2m2d_bone_editor_split/app.js[22m
[2m4:34:03[22m [36m[1m[vite][22m[39m [90m[2m(client)[22m[39m [32mpage reload [39m[2m2d_bone_editor_split/app.js[22m
[2m4:34:10[22m [36m[1m[vite][22m[39m [90m[2m(client)[22m[39m [32mpage reload [39m[2m2d_bone_editor_split/app.js[22m
[2m4:34:20[22m [36m[1m[vite][22m[39m [90m[2m(client)[22m[39m [32mpage reload [39m[2m2d_bone_editor_split/index.html[22m
[2m4:34:26[22m [36m[1m[vite][22m[39m [90m[2m(client)[22m[39m [32mhmr update [39m[2m/2d_bone_editor_split/style.css?direct[22m
[2m4:35:29[22m [36m[1m[vite][22m[39m [90m[2m(client)[22m[39m [32mpage reload [39m[2m2d_bone_editor_split/app.js[22m
[2m4:35:37[22m [36m[1m[vite][22m[39m [90m[2m(client)[22m[39m [32mpage reload [39m[2m2d_bone_editor_split/app.js[22m
[2m4:35:50[22m [36m[1m[vite][22m[39m [90m[2m(client)[22m[39m [32mpage reload [39m[2m2d_bone_editor_split/app.js[22m
[2m4:35:56[22m [36m[1m[vite][22m[39m [90m[2m(client)[22m[39m [32mpage reload [39m[2m2d_bone_editor_split/app.js[22m
[2m4:37:07[22m [36m[1m[vite][22m[39m [90m[2m(client)[22m[39m [32mpage reload [39m[2m2d_bone_editor_split/app.js[22m
[2m4:39:06[22m [36m[1m[vite][22m[39m [90m[2m(client)[22m[39m [32mpage reload [39m[2m2d_bone_editor_split/app.js[22m
[2m4:46:11[22m [36m[1m[vite][22m[39m [90m[2m(client)[22m[39m [32mpage reload [39m[2m2d_bone_editor_split/index.html[22m
[2m4:46:32[22m [36m[1m[vite][22m[39m [90m[2m(client)[22m[39m [32mhmr update [39m[2m/2d_bone_editor_split/style.css?direct[22m
[2m4:46:47[22m [36m[1m[vite][22m[39m [90m[2m(client)[22m[39m [32mpage reload [39m[2m2d_bone_editor_split/app.js[22m
[2m4:46:55[22m [36m[1m[vite][22m[39m [90m[2m(client)[22m[39m [32mpage reload [39m[2m2d_bone_editor_split/app.js[22m
[2m4:47:02[22m [36m[1m[vite][22m[39m [90m[2m(client)[22m[39m [32mpage reload [39m[2m2d_bone_editor_split/app.js[22m
[2m4:49:57[22m [36m[1m[vite][22m[39m [90m[2m(client)[22m[39m [32mhmr update [39m[2m/2d_bone_editor_split/style.css?direct[22m
[2m4:50:27[22m [36m[1m[vite][22m[39m [90m[2m(client)[22m[39m [32mhmr update [39m[2m/2d_bone_editor_split/style.css?direct[22m
[2m4:55:26[22m [36m[1m[vite][22m[39m [90m[2m(client)[22m[39m [32mpage reload [39m[2m2d_bone_editor_split/index.html[22m
[2m4:55:35[22m [36m[1m[vite][22m[39m [90m[2m(client)[22m[39m [32mhmr update [39m[2m/2d_bone_editor_split/style.css?direct[22m
[2m4:55:45[22m [36m[1m[vite][22m[39m [90m[2m(client)[22m[39m [32mpage reload [39m[2m2d_bone_editor_split/app.js[22m
[2m4:55:51[22m [36m[1m[vite][22m[39m [90m[2m(client)[22m[39m [32mpage reload [39m[2m2d_bone_editor_split/index.html[22m
[2m4:56:14[22m [36m[1m[vite][22m[39m [90m[2m(client)[22m[39m [32mpage reload [39m[2m2d_bone_editor_split/app.js[22m
[2m13:30:57[22m [36m[1m[vite][22m[39m [90m[2m(client)[22m[39m [32mpage reload [39m[2m2d_bone_editor_split/app.js[22m
[2m13:30:57[22m [36m[1m[vite][22m[39m [90m[2m(client)[22m[39m [32mpage reload [39m[2m2d_bone_editor_split/index.html[22m
[2m13:30:57[22m [36m[1m[vite][22m[39m [90m[2m(client)[22m[39m [32mhmr update [39m[2m/2d_bone_editor_split/style.css?direct[22m
[2m13:31:23[22m [36m[1m[vite][22m[39m [90m[2m(client)[22m[39m [32mhmr update [39m[2m/2d_bone_editor_split/style.css?direct[22m
[2m13:46:16[22m [36m[1m[vite][22m[39m [90m[2m(client)[22m[39m [32mpage reload [39m[2m2d_bone_editor_split/app.js[22m
[2m13:46:16[22m [36m[1m[vite][22m[39m [90m[2m(client)[22m[39m [32mpage reload [39m[2m2d_bone_editor_split/index.html[22m
[2m13:49:58[22m [36m[1m[vite][22m[39m [90m[2m(client)[22m[39m [32mpage reload [39m[2m2d_bone_editor_split/app.js[22m
[2m13:49:58[22m [36m[1m[vite][22m[39m [90m[2m(client)[22m[39m [32mhmr update [39m[2m/2d_bone_editor_split/style.css?direct[22m
[2m13:50:31[22m [36m[1m[vite][22m[39m [90m[2m(client)[22m[39m [32mpage reload [39m[2m2d_bone_editor_split/app.js[22m
[2m14:13:50[22m [36m[1m[vite][22m[39m [90m[2m(client)[22m[39m [32mpage reload [39m[2m2d_bone_editor_split/app.js[22m
[2m14:13:50[22m [36m[1m[vite][22m[39m [90m[2m(client)[22m[39m [32mpage reload [39m[2m2d_bone_editor_split/index.html[22m
[2m14:15:02[22m [36m[1m[vite][22m[39m [90m[2m(client)[22m[39m [32mpage reload [39m[2m2d_bone_editor_split/app.js[22m
[2m14:18:47[22m [36m[1m[vite][22m[39m [90m[2m(client)[22m[39m [32mpage reload [39m[2m2d_bone_editor_split/app.js[22m
[2m14:18:47[22m [36m[1m[vite][22m[39m [90m[2m(client)[22m[39m [32mpage reload [39m[2m2d_bone_editor_split/index.html[22m
[2m14:18:47[22m [36m[1m[vite][22m[39m [90m[2m(client)[22m[39m [32mhmr update [39m[2m/2d_bone_editor_split/style.css?direct[22m
[2m14:21:51[22m [36m[1m[vite][22m[39m [90m[2m(client)[22m[39m [32mpage reload [39m[2m2d_bone_editor_split/app.js[22m
[2m14:21:51[22m [36m[1m[vite][22m[39m [90m[2m(client)[22m[39m [32mhmr update [39m[2m/2d_bone_editor_split/style.css?direct[22m
[2m14:27:21[22m [36m[1m[vite][22m[39m [90m[2m(client)[22m[39m [32mpage reload [39m[2m2d_bone_editor_split/app.js[22m
[2m14:28:05[22m [36m[1m[vite][22m[39m [90m[2m(client)[22m[39m [32mpage reload [39m[2m2d_bone_editor_split/index.html[22m
[2m14:33:58[22m [36m[1m[vite][22m[39m [90m[2m(client)[22m[39m [32mpage reload [39m[2m2d_bone_editor_split/app.js[22m
[2m14:42:21[22m [36m[1m[vite][22m[39m [90m[2m(client)[22m[39m [32mpage reload [39m[2m2d_bone_editor_split/index.html[22m
[2m14:42:21[22m [36m[1m[vite][22m[39m [90m[2m(client)[22m[39m [32mpage reload [39m[2m2d_bone_editor_split/app.js[22m
[2m14:42:21[22m [36m[1m[vite][22m[39m [90m[2m(client)[22m[39m [32mhmr update [39m[2m/2d_bone_editor_split/style.css?direct[22m
[2m14:42:53[22m [36m[1m[vite][22m[39m [90m[2m(client)[22m[39m [32mpage reload [39m[2m2d_bone_editor_split/app.js[22m
[2m14:57:25[22m [36m[1m[vite][22m[39m [90m[2m(client)[22m[39m [32mpage reload [39m[2m2d_bone_editor_split/index.html[22m
[2m14:57:25[22m [36m[1m[vite][22m[39m [90m[2m(client)[22m[39m [32mpage reload [39m[2m2d_bone_editor_split/app.js[22m
[2m15:02:43[22m [36m[1m[vite][22m[39m [90m[2m(client)[22m[39m [32mpage reload [39m[2m2d_bone_editor_split/app.js[22m
[2m15:02:43[22m [36m[1m[vite][22m[39m [90m[2m(client)[22m[39m [32mhmr update [39m[2m/2d_bone_editor_split/style.css?direct[22m
[2m15:11:47[22m [36m[1m[vite][22m[39m [90m[2m(client)[22m[39m [32mpage reload [39m[2m2d_bone_editor_split/index.html[22m
[2m15:11:47[22m [36m[1m[vite][22m[39m [90m[2m(client)[22m[39m [32mpage reload [39m[2m2d_bone_editor_split/app.js[22m
[2m15:19:56[22m [36m[1m[vite][22m[39m [90m[2m(client)[22m[39m [32mpage reload [39m[2m2d_bone_editor_split/index.html[22m
[2m15:19:56[22m [36m[1m[vite][22m[39m [90m[2m(client)[22m[39m [32mpage reload [39m[2m2d_bone_editor_split/app.js[22m
[2m15:19:56[22m [36m[1m[vite][22m[39m [90m[2m(client)[22m[39m [32mhmr update [39m[2m/2d_bone_editor_split/style.css?direct[22m
[2m15:25:09[22m [36m[1m[vite][22m[39m [90m[2m(client)[22m[39m [32mpage reload [39m[2m2d_bone_editor_split/index.html[22m
[2m15:25:09[22m [36m[1m[vite][22m[39m [90m[2m(client)[22m[39m [32mpage reload [39m[2m2d_bone_editor_split/app.js[22m
[2m15:25:09[22m [36m[1m[vite][22m[39m [90m[2m(client)[22m[39m [32mhmr update [39m[2m/2d_bone_editor_split/style.css?direct[22m
[2m15:25:22[22m [36m[1m[vite][22m[39m [90m[2m(client)[22m[39m [32mpage reload [39m[2m2d_bone_editor_split/app.js[22m
[2m15:25:32[22m [36m[1m[vite][22m[39m [90m[2m(client)[22m[39m [32mpage reload [39m[2m2d_bone_editor_split/app.js[22m
[2m15:39:35[22m [36m[1m[vite][22m[39m [90m[2m(client)[22m[39m [32mpage reload [39m[2m2d_bone_editor_split/index.html[22m
[2m15:39:39[22m [36m[1m[vite][22m[39m [90m[2m(client)[22m[39m [32mhmr update [39m[2m/2d_bone_editor_split/style.css?direct[22m
[2m15:39:49[22m [36m[1m[vite][22m[39m [90m[2m(client)[22m[39m [32mhmr update [39m[2m/2d_bone_editor_split/style.css?direct[22m
[2m15:39:53[22m [36m[1m[vite][22m[39m [90m[2m(client)[22m[39m [32mhmr update [39m[2m/2d_bone_editor_split/style.css?direct[22m
[2m15:39:57[22m [36m[1m[vite][22m[39m [90m[2m(client)[22m[39m [32mpage reload [39m[2m2d_bone_editor_split/app.js[22m
[2m15:40:12[22m [36m[1m[vite][22m[39m [90m[2m(client)[22m[39m [32mpage reload [39m[2m2d_bone_editor_split/app.js[22m
[2m15:40:27[22m [36m[1m[vite][22m[39m [90m[2m(client)[22m[39m [32mpage reload [39m[2m2d_bone_editor_split/app.js[22m
[2m15:40:32[22m [36m[1m[vite][22m[39m [90m[2m(client)[22m[39m [32mpage reload [39m[2m2d_bone_editor_split/app.js[22m
[2m15:40:53[22m [36m[1m[vite][22m[39m [90m[2m(client)[22m[39m [32mpage reload [39m[2m2d_bone_editor_split/app.js[22m
[2m15:41:00[22m [36m[1m[vite][22m[39m [90m[2m(client)[22m[39m [32mpage reload [39m[2m2d_bone_editor_split/app.js[22m
[2m15:42:20[22m [36m[1m[vite][22m[39m [90m[2m(client)[22m[39m [32mpage reload [39m[2m2d_bone_editor_split/app.js[22m
[2m15:45:14[22m [36m[1m[vite][22m[39m [90m[2m(client)[22m[39m [32mhmr update [39m[2m/2d_bone_editor_split/style.css?direct[22m
[2m15:45:14[22m [36m[1m[vite][22m[39m [90m[2m(client)[22m[39m [32mpage reload [39m[2m2d_bone_editor_split/app.js[22m
[2m15:45:27[22m [36m[1m[vite][22m[39m [90m[2m(client)[22m[39m [32mpage reload [39m[2m2d_bone_editor_split/app.js[22m
[2m15:47:18[22m [36m[1m[vite][22m[39m [90m[2m(client)[22m[39m [32mhmr update [39m[2m/2d_bone_editor_split/style.css?direct[22m
[2m15:50:00[22m [36m[1m[vite][22m[39m [90m[2m(client)[22m[39m [32mpage reload [39m[2m2d_bone_editor_split/app.js[22m
[2m15:55:00[22m [36m[1m[vite][22m[39m [90m[2m(client)[22m[39m [32mpage reload [39m[2m2d_bone_editor_split/app.js[22m
[2m15:55:46[22m [36m[1m[vite][22m[39m [90m[2m(client)[22m[39m [32mpage reload [39m[2m2d_bone_editor_split/app.js[22m
[2m16:14:39[22m [36m[1m[vite][22m[39m [90m[2m(client)[22m[39m [32mpage reload [39m[2m2d_bone_editor_split/index.html[22m
[2m16:14:39[22m [36m[1m[vite][22m[39m [90m[2m(client)[22m[39m [32mpage reload [39m[2m2d_bone_editor_split/app.js[22m
[2m16:14:55[22m [36m[1m[vite][22m[39m [90m[2m(client)[22m[39m [32mpage reload [39m[2m2d_bone_editor_split/app.js[22m
[2m16:15:58[22m [36m[1m[vite][22m[39m [90m[2m(client)[22m[39m [32mpage reload [39m[2m2d_bone_editor_split/app.js[22m
[2m16:16:08[22m [36m[1m[vite][22m[39m [90m[2m(client)[22m[39m [32mpage reload [39m[2m2d_bone_editor_split/app.js[22m
[2m16:16:15[22m [36m[1m[vite][22m[39m [90m[2m(client)[22m[39m [32mpage reload [39m[2m2d_bone_editor_split/app.js[22m
[2m16:16:22[22m [36m[1m[vite][22m[39m [90m[2m(client)[22m[39m [32mpage reload [39m[2m2d_bone_editor_split/app.js[22m
[2m16:16:43[22m [36m[1m[vite][22m[39m [90m[2m(client)[22m[39m [32mpage reload [39m[2m2d_bone_editor_split/app.js[22m
[2m16:16:53[22m [36m[1m[vite][22m[39m [90m[2m(client)[22m[39m [32mpage reload [39m[2m2d_bone_editor_split/app.js[22m
[2m16:18:09[22m [36m[1m[vite][22m[39m [90m[2m(client)[22m[39m [32mpage reload [39m[2m2d_bone_editor_split/app.js[22m
[2m16:33:26[22m [36m[1m[vite][22m[39m [90m[2m(client)[22m[39m [32mpage reload [39m[2m2d_bone_editor_split/app.js[22m
[2m16:33:30[22m [36m[1m[vite][22m[39m [90m[2m(client)[22m[39m [32mpage reload [39m[2m2d_bone_editor_split/app.js[22m
[2m16:48:37[22m [36m[1m[vite][22m[39m [90m[2m(client)[22m[39m [32mhmr update [39m[2m/2d_bone_editor_split/style.css?direct[22m
[2m17:39:58[22m [36m[1m[vite][22m[39m [90m[2m(client)[22m[39m [32mpage reload [39m[2m2d_bone_editor_split/index.html[22m
[2m17:39:59[22m [36m[1m[vite][22m[39m [90m[2m(client)[22m[39m [32mhmr update [39m[2m/2d_bone_editor_split/style.css?direct[22m
[2m17:40:21[22m [36m[1m[vite][22m[39m [90m[2m(client)[22m[39m [32mhmr update [39m[2m/2d_bone_editor_split/style.css?direct[22m
[2m17:55:40[22m [36m[1m[vite][22m[39m [90m[2m(client)[22m[39m [32mpage reload [39m[2m2d_bone_editor_split/index.html[22m
[2m17:55:40[22m [36m[1m[vite][22m[39m [90m[2m(client)[22m[39m [32mhmr update [39m[2m/2d_bone_editor_split/style.css?direct[22m
[2m17:55:40[22m [36m[1m[vite][22m[39m [90m[2m(client)[22m[39m [32mpage reload [39m[2m2d_bone_editor_split/app.js[22m
[2m17:56:22[22m [36m[1m[vite][22m[39m [90m[2m(client)[22m[39m [32mpage reload [39m[2m2d_bone_editor_split/app.js[22m
[2m17:57:10[22m [36m[1m[vite][22m[39m [90m[2m(client)[22m[39m [32mpage reload [39m[2m2d_bone_editor_split/app.js[22m
[2m17:57:20[22m [36m[1m[vite][22m[39m [90m[2m(client)[22m[39m [32mpage reload [39m[2m2d_bone_editor_split/index.html[22m
[2m17:59:17[22m [36m[1m[vite][22m[39m [90m[2m(client)[22m[39m [32mhmr update [39m[2m/2d_bone_editor_split/style.css?direct[22m
[2m18:00:16[22m [36m[1m[vite][22m[39m [90m[2m(client)[22m[39m [32mpage reload [39m[2m2d_bone_editor_split/app.js[22m
[2m18:29:38[22m [36m[1m[vite][22m[39m [90m[2m(client)[22m[39m [32mpage reload [39m[2m2d_bone_editor_split/index.html[22m
[2m18:29:38[22m [36m[1m[vite][22m[39m [90m[2m(client)[22m[39m [32mpage reload [39m[2m2d_bone_editor_split/app.js[22m
[2m18:30:34[22m [36m[1m[vite][22m[39m [90m[2m(client)[22m[39m [32mpage reload [39m[2m2d_bone_editor_split/app.js[22m
[2m18:31:06[22m [36m[1m[vite][22m[39m [90m[2m(client)[22m[39m [32mpage reload [39m[2m2d_bone_editor_split/app.js[22m
[2m18:31:14[22m [36m[1m[vite][22m[39m [90m[2m(client)[22m[39m [32mpage reload [39m[2m2d_bone_editor_split/app.js[22m
[2m18:31:18[22m [36m[1m[vite][22m[39m [90m[2m(client)[22m[39m [32mpage reload [39m[2m2d_bone_editor_split/app.js[22m
[2m18:32:32[22m [36m[1m[vite][22m[39m [90m[2m(client)[22m[39m [32mpage reload [39m[2m2d_bone_editor_split/app.js[22m
[2m19:45:43[22m [36m[1m[vite][22m[39m [90m[2m(client)[22m[39m [32mpage reload [39m[2m2d_bone_editor_split/index.html[22m
[2m19:45:43[22m [36m[1m[vite][22m[39m [90m[2m(client)[22m[39m [32mhmr update [39m[2m/2d_bone_editor_split/style.css?direct[22m
[2m19:45:43[22m [36m[1m[vite][22m[39m [90m[2m(client)[22m[39m [32mpage reload [39m[2m2d_bone_editor_split/app.js[22m
[2m19:46:07[22m [36m[1m[vite][22m[39m [90m[2m(client)[22m[39m [32mpage reload [39m[2m2d_bone_editor_split/app.js[22m
[2m19:48:03[22m [36m[1m[vite][22m[39m [90m[2m(client)[22m[39m [32mpage reload [39m[2m2d_bone_editor_split/index.html[22m
[2m19:48:03[22m [36m[1m[vite][22m[39m [90m[2m(client)[22m[39m [32mpage reload [39m[2m2d_bone_editor_split/app.js[22m
[2m20:38:23[22m [36m[1m[vite][22m[39m [90m[2m(client)[22m[39m [32mpage reload [39m[2m2d_bone_editor_split/index.html[22m
[2m20:38:23[22m [36m[1m[vite][22m[39m [90m[2m(client)[22m[39m [32mhmr update [39m[2m/2d_bone_editor_split/style.css?direct[22m
[2m20:38:23[22m [36m[1m[vite][22m[39m [90m[2m(client)[22m[39m [32mpage reload [39m[2m2d_bone_editor_split/app.js[22m
[2m20:38:41[22m [36m[1m[vite][22m[39m [90m[2m(client)[22m[39m [32mpage reload [39m[2m2d_bone_editor_split/app.js[22m
[2m20:40:08[22m [36m[1m[vite][22m[39m [90m[2m(client)[22m[39m [32mpage reload [39m[2m2d_bone_editor_split/index.html[22m
[2m20:40:08[22m [36m[1m[vite][22m[39m [90m[2m(client)[22m[39m [32mpage reload [39m[2m2d_bone_editor_split/app.js[22m
[2m21:01:42[22m [36m[1m[vite][22m[39m [90m[2m(client)[22m[39m [32mpage reload [39m[2m2d_bone_editor_split/index.html[22m
[2m21:01:42[22m [36m[1m[vite][22m[39m [90m[2m(client)[22m[39m [32mpage reload [39m[2m2d_bone_editor_split/app.js[22m
[2m21:16:58[22m [36m[1m[vite][22m[39m [90m[2m(client)[22m[39m [32mpage reload [39m[2m2d_bone_editor_split/app.js[22m
[2m21:17:09[22m [36m[1m[vite][22m[39m [90m[2m(client)[22m[39m [32mpage reload [39m[2m2d_bone_editor_split/app.js[22m
[2m21:18:41[22m [36m[1m[vite][22m[39m [90m[2m(client)[22m[39m [32mpage reload [39m[2m2d_bone_editor_split/app.js[22m
[2m22:15:01[22m [36m[1m[vite][22m[39m [90m[2m(client)[22m[39m [32mpage reload [39m[2m2d_bone_editor_split/app.js[22m
[2m22:15:14[22m [36m[1m[vite][22m[39m [90m[2m(client)[22m[39m [32mpage reload [39m[2m2d_bone_editor_split/app.js[22m
[2m22:15:30[22m [36m[1m[vite][22m[39m [90m[2m(client)[22m[39m [32mpage reload [39m[2m2d_bone_editor_split/app.js[22m
[2m22:19:54[22m [36m[1m[vite][22m[39m [90m[2m(client)[22m[39m [32mpage reload [39m[2m2d_bone_editor_split/app.js[22m
[2m22:53:37[22m [36m[1m[vite][22m[39m [90m[2m(client)[22m[39m [32mpage reload [39m[2m2d_bone_editor_split/app.js[22m
[2m22:54:54[22m [36m[1m[vite][22m[39m [90m[2m(client)[22m[39m [32mpage reload [39m[2m2d_bone_editor_split/app.js[22m
[2m22:55:08[22m [36m[1m[vite][22m[39m [90m[2m(client)[22m[39m [32mpage reload [39m[2m2d_bone_editor_split/app.js[22m
[2m22:56:36[22m [36m[1m[vite][22m[39m [90m[2m(client)[22m[39m [32mpage reload [39m[2m2d_bone_editor_split/app.js[22m
[2m22:57:21[22m [36m[1m[vite][22m[39m [90m[2m(client)[22m[39m [32mpage reload [39m[2m2d_bone_editor_split/app.js[22m
[2m23:02:18[22m [36m[1m[vite][22m[39m [90m[2m(client)[22m[39m [32mpage reload [39m[2m2d_bone_editor_split/app.js[22m
[2m23:03:04[22m [36m[1m[vite][22m[39m [90m[2m(client)[22m[39m [32mpage reload [39m[2m2d_bone_editor_split/index.html[22m
[2m23:03:04[22m [36m[1m[vite][22m[39m [90m[2m(client)[22m[39m [32mhmr update [39m[2m/2d_bone_editor_split/style.css?direct[22m
[2m23:03:04[22m [36m[1m[vite][22m[39m [90m[2m(client)[22m[39m [32mpage reload [39m[2m2d_bone_editor_split/app.js[22m
[2m23:03:28[22m [36m[1m[vite][22m[39m [90m[2m(client)[22m[39m [32mpage reload [39m[2m2d_bone_editor_split/app.js[22m
[2m23:04:21[22m [36m[1m[vite][22m[39m [90m[2m(client)[22m[39m [32mpage reload [39m[2m2d_bone_editor_split/app.js[22m
[2m23:14:40[22m [36m[1m[vite][22m[39m [90m[2m(client)[22m[39m [32mpage reload [39m[2m2d_bone_editor_split/index.html[22m
[2m23:14:40[22m [36m[1m[vite][22m[39m [90m[2m(client)[22m[39m [32mhmr update [39m[2m/2d_bone_editor_split/style.css?direct[22m
[2m23:14:40[22m [36m[1m[vite][22m[39m [90m[2m(client)[22m[39m [32mpage reload [39m[2m2d_bone_editor_split/app.js[22m
[2m23:15:11[22m [36m[1m[vite][22m[39m [90m[2m(client)[22m[39m [32mpage reload [39m[2m2d_bone_editor_split/app.js[22m
[2m23:15:24[22m [36m[1m[vite][22m[39m [90m[2m(client)[22m[39m [32mpage reload [39m[2m2d_bone_editor_split/app.js[22m
[2m0:31:23[22m [36m[1m[vite][22m[39m [90m[2m(client)[22m[39m [32mpage reload [39m[2m2d_bone_editor_split/index.html[22m
[2m0:31:23[22m [36m[1m[vite][22m[39m [90m[2m(client)[22m[39m [32mhmr update [39m[2m/2d_bone_editor_split/style.css?direct[22m
[2m0:32:01[22m [36m[1m[vite][22m[39m [90m[2m(client)[22m[39m [32mpage reload [39m[2m2d_bone_editor_split/app.js[22m
[2m0:32:27[22m [36m[1m[vite][22m[39m [90m[2m(client)[22m[39m [32mpage reload [39m[2m2d_bone_editor_split/app.js[22m
[2m0:32:55[22m [36m[1m[vite][22m[39m [90m[2m(client)[22m[39m [32mpage reload [39m[2m2d_bone_editor_split/app.js[22m
[2m0:33:26[22m [36m[1m[vite][22m[39m [90m[2m(client)[22m[39m [32mpage reload [39m[2m2d_bone_editor_split/app.js[22m
[2m0:33:59[22m [36m[1m[vite][22m[39m [90m[2m(client)[22m[39m [32mpage reload [39m[2m2d_bone_editor_split/app.js[22m
[2m0:34:10[22m [36m[1m[vite][22m[39m [90m[2m(client)[22m[39m [32mpage reload [39m[2m2d_bone_editor_split/app.js[22m
[2m0:34:29[22m [36m[1m[vite][22m[39m [90m[2m(client)[22m[39m [32mpage reload [39m[2m2d_bone_editor_split/app.js[22m
[2m0:34:59[22m [36m[1m[vite][22m[39m [90m[2m(client)[22m[39m [32mpage reload [39m[2m2d_bone_editor_split/app.js[22m
[2m0:35:18[22m [36m[1m[vite][22m[39m [90m[2m(client)[22m[39m [32mpage reload [39m[2m2d_bone_editor_split/app.js[22m
[2m0:35:57[22m [36m[1m[vite][22m[39m [90m[2m(client)[22m[39m [32mpage reload [39m[2m2d_bone_editor_split/app.js[22m
[2m0:36:14[22m [36m[1m[vite][22m[39m [90m[2m(client)[22m[39m [32mpage reload [39m[2m2d_bone_editor_split/app.js[22m
[2m0:36:21[22m [36m[1m[vite][22m[39m [90m[2m(client)[22m[39m [32mpage reload [39m[2m2d_bone_editor_split/app.js[22m
[2m0:38:02[22m [36m[1m[vite][22m[39m [90m[2m(client)[22m[39m [32mpage reload [39m[2m2d_bone_editor_split/app.js[22m
[2m0:38:02[22m [36m[1m[vite][22m[39m [90m[2m(client)[22m[39m [32mhmr update [39m[2m/2d_bone_editor_split/style.css?direct[22m
[2m0:38:08[22m [36m[1m[vite][22m[39m [90m[2m(client)[22m[39m [32mhmr update [39m[2m/2d_bone_editor_split/style.css?direct[22m
[2m0:43:41[22m [36m[1m[vite][22m[39m [90m[2m(client)[22m[39m [32mhmr update [39m[2m/2d_bone_editor_split/style.css?direct[22m
[2m2:21:57[22m [36m[1m[vite][22m[39m [90m[2m(client)[22m[39m [32mpage reload [39m[2m2d_bone_editor_split/index.html[22m
[2m2:22:12[22m [36m[1m[vite][22m[39m [90m[2m(client)[22m[39m [32mhmr update [39m[2m/2d_bone_editor_split/style.css?direct[22m
[2m2:22:32[22m [36m[1m[vite][22m[39m [90m[2m(client)[22m[39m [32mpage reload [39m[2m2d_bone_editor_split/app.js[22m
[2m2:24:10[22m [36m[1m[vite][22m[39m [90m[2m(client)[22m[39m [32mpage reload [39m[2m2d_bone_editor_split/app.js[22m
[2m2:24:59[22m [36m[1m[vite][22m[39m [90m[2m(client)[22m[39m [32mpage reload [39m[2m2d_bone_editor_split/app.js[22m
[2m2:26:08[22m [36m[1m[vite][22m[39m [90m[2m(client)[22m[39m [32mpage reload [39m[2m2d_bone_editor_split/app.js[22m
[2m2:26:25[22m [36m[1m[vite][22m[39m [90m[2m(client)[22m[39m [32mpage reload [39m[2m2d_bone_editor_split/app.js[22m
[2m2:26:41[22m [36m[1m[vite][22m[39m [90m[2m(client)[22m[39m [32mpage reload [39m[2m2d_bone_editor_split/app.js[22m
[2m2:26:56[22m [36m[1m[vite][22m[39m [90m[2m(client)[22m[39m [32mpage reload [39m[2m2d_bone_editor_split/app.js[22m
[2m2:27:28[22m [36m[1m[vite][22m[39m [90m[2m(client)[22m[39m [32mpage reload [39m[2m2d_bone_editor_split/app.js[22m
[2m2:27:37[22m [36m[1m[vite][22m[39m [90m[2m(client)[22m[39m [32mpage reload [39m[2m2d_bone_editor_split/app.js[22m
[2m2:28:03[22m [36m[1m[vite][22m[39m [90m[2m(client)[22m[39m [32mpage reload [39m[2m2d_bone_editor_split/app.js[22m
[2m2:28:46[22m [36m[1m[vite][22m[39m [90m[2m(client)[22m[39m [32mpage reload [39m[2m2d_bone_editor_split/app.js[22m
[2m2:29:25[22m [36m[1m[vite][22m[39m [90m[2m(client)[22m[39m [32mpage reload [39m[2m2d_bone_editor_split/app.js[22m
[2m2:29:35[22m [36m[1m[vite][22m[39m [90m[2m(client)[22m[39m [32mpage reload [39m[2m2d_bone_editor_split/app.js[22m
[2m2:29:48[22m [36m[1m[vite][22m[39m [90m[2m(client)[22m[39m [32mpage reload [39m[2m2d_bone_editor_split/app.js[22m
[2m2:29:58[22m [36m[1m[vite][22m[39m [90m[2m(client)[22m[39m [32mpage reload [39m[2m2d_bone_editor_split/app.js[22m
[2m2:30:13[22m [36m[1m[vite][22m[39m [90m[2m(client)[22m[39m [32mpage reload [39m[2m2d_bone_editor_split/app.js[22m
[2m2:32:35[22m [36m[1m[vite][22m[39m [32mtools/boneMotionDevApi.mjs changed, restarting server...[39m
[2m2:32:35[22m [36m[1m[vite][22m[39m server restarted.
[2m2:34:51[22m [36m[1m[vite][22m[39m [90m[2m(client)[22m[39m [32mpage reload [39m[2m2d_bone_editor_split/app.js[22m
[2m2:37:22[22m [36m[1m[vite][22m[39m [90m[2m(client)[22m[39m [32mpage reload [39m[2m2d_bone_editor_split/index.html[22m
[2m2:38:46[22m [36m[1m[vite][22m[39m [90m[2m(client)[22m[39m [32mpage reload [39m[2m2d_bone_editor_split/app.js[22m
[2m2:38:55[22m [36m[1m[vite][22m[39m [90m[2m(client)[22m[39m [32mpage reload [39m[2m2d_bone_editor_split/app.js[22m
[2m3:45:12[22m [36m[1m[vite][22m[39m [90m[2m(client)[22m[39m [32mpage reload [39m[2m2d_bone_editor_split/index.html[22m
[2m3:45:25[22m [36m[1m[vite][22m[39m [90m[2m(client)[22m[39m [32mpage reload [39m[2m2d_bone_editor_split/app.js[22m
[2m3:46:27[22m [36m[1m[vite][22m[39m [90m[2m(client)[22m[39m [32mpage reload [39m[2m2d_bone_editor_split/app.js[22m
[2m3:46:48[22m [36m[1m[vite][22m[39m [90m[2m(client)[22m[39m [32mpage reload [39m[2m2d_bone_editor_split/app.js[22m
[2m3:46:59[22m [36m[1m[vite][22m[39m [90m[2m(client)[22m[39m [32mpage reload [39m[2m2d_bone_editor_split/app.js[22m
[2m3:47:29[22m [36m[1m[vite][22m[39m [90m[2m(client)[22m[39m [32mpage reload [39m[2m2d_bone_editor_split/app.js[22m
[2m3:47:39[22m [36m[1m[vite][22m[39m [90m[2m(client)[22m[39m [32mpage reload [39m[2m2d_bone_editor_split/app.js[22m
[2m3:48:17[22m [36m[1m[vite][22m[39m [90m[2m(client)[22m[39m [32mpage reload [39m[2m2d_bone_editor_split/app.js[22m
[2m3:48:34[22m [36m[1m[vite][22m[39m [90m[2m(client)[22m[39m [32mpage reload [39m[2m2d_bone_editor_split/app.js[22m
[2m3:49:09[22m [36m[1m[vite][22m[39m [90m[2m(client)[22m[39m [32mhmr update [39m[2m/2d_bone_editor_split/style.css?direct[22m
[2m3:49:40[22m [36m[1m[vite][22m[39m [90m[2m(client)[22m[39m [32mhmr update [39m[2m/2d_bone_editor_split/style.css?direct[22m
[2m3:49:53[22m [36m[1m[vite][22m[39m [90m[2m(client)[22m[39m [32mhmr update [39m[2m/2d_bone_editor_split/style.css?direct[22m
[2m3:49:58[22m [36m[1m[vite][22m[39m [90m[2m(client)[22m[39m [32mhmr update [39m[2m/2d_bone_editor_split/style.css?direct[22m
[2m3:52:20[22m [36m[1m[vite][22m[39m [90m[2m(client)[22m[39m [32mhmr update [39m[2m/2d_bone_editor_split/style.css?direct[22m
[2m4:30:00[22m [36m[1m[vite][22m[39m [90m[2m(client)[22m[39m [32mpage reload [39m[2m2d_bone_editor_split/index.html[22m
[2m4:30:00[22m [36m[1m[vite][22m[39m [90m[2m(client)[22m[39m [32mpage reload [39m[2m2d_bone_editor_split/app.js[22m
[2m4:30:00[22m [36m[1m[vite][22m[39m [90m[2m(client)[22m[39m [32mhmr update [39m[2m/2d_bone_editor_split/style.css?direct[22m
[2m14:34:14[22m [36m[1m[vite][22m[39m [90m[2m(client)[22m[39m [32mpage reload [39m[2m2d_bone_editor_split/index.html[22m
[2m14:34:30[22m [36m[1m[vite][22m[39m [90m[2m(client)[22m[39m [32mhmr update [39m[2m/2d_bone_editor_split/style.css?direct[22m
[2m14:34:42[22m [36m[1m[vite][22m[39m [90m[2m(client)[22m[39m [32mpage reload [39m[2m2d_bone_editor_split/app.js[22m
[2m14:35:13[22m [36m[1m[vite][22m[39m [90m[2m(client)[22m[39m [32mpage reload [39m[2m2d_bone_editor_split/app.js[22m
[2m14:35:25[22m [36m[1m[vite][22m[39m [90m[2m(client)[22m[39m [32mpage reload [39m[2m2d_bone_editor_split/app.js[22m
[2m14:35:34[22m [36m[1m[vite][22m[39m [90m[2m(client)[22m[39m [32mpage reload [39m[2m2d_bone_editor_split/app.js[22m
[2m14:35:43[22m [36m[1m[vite][22m[39m [90m[2m(client)[22m[39m [32mpage reload [39m[2m2d_bone_editor_split/app.js[22m
[2m14:36:05[22m [36m[1m[vite][22m[39m [90m[2m(client)[22m[39m [32mpage reload [39m[2m2d_bone_editor_split/app.js[22m
[2m14:36:14[22m [36m[1m[vite][22m[39m [90m[2m(client)[22m[39m [32mpage reload [39m[2m2d_bone_editor_split/app.js[22m
[2m14:36:32[22m [36m[1m[vite][22m[39m [90m[2m(client)[22m[39m [32mpage reload [39m[2m2d_bone_editor_split/app.js[22m
[2m14:36:56[22m [36m[1m[vite][22m[39m [90m[2m(client)[22m[39m [32mpage reload [39m[2m2d_bone_editor_split/app.js[22m
[2m14:37:18[22m [36m[1m[vite][22m[39m [90m[2m(client)[22m[39m [32mpage reload [39m[2m2d_bone_editor_split/app.js[22m
[2m14:37:38[22m [36m[1m[vite][22m[39m [90m[2m(client)[22m[39m [32mpage reload [39m[2m2d_bone_editor_split/app.js[22m
[2m14:40:48[22m [36m[1m[vite][22m[39m [90m[2m(client)[22m[39m [32mpage reload [39m[2m2d_bone_editor_split/app.js[22m
[2m14:41:36[22m [36m[1m[vite][22m[39m [90m[2m(client)[22m[39m [32mpage reload [39m[2m2d_bone_editor_split/app.js[22m
[2m17:58:39[22m [36m[1m[vite][22m[39m [90m[2m(client)[22m[39m [32mpage reload [39m[2m2d_bone_editor_split/app.js[22m
[2m18:20:37[22m [36m[1m[vite][22m[39m [90m[2m(client)[22m[39m [32mpage reload [39m[2m2d_bone_editor_split/app.js[22m
[2m18:44:03[22m [36m[1m[vite][22m[39m [90m[2m(client)[22m[39m [32mpage reload [39m[2m2d_bone_editor_split/app.js[22m
[2m18:44:12[22m [36m[1m[vite][22m[39m [90m[2m(client)[22m[39m [32mpage reload [39m[2m2d_bone_editor_split/app.js[22m
[2m18:44:22[22m [36m[1m[vite][22m[39m [90m[2m(client)[22m[39m [32mpage reload [39m[2m2d_bone_editor_split/app.js[22m
[2m18:44:36[22m [36m[1m[vite][22m[39m [90m[2m(client)[22m[39m [32mpage reload [39m[2m2d_bone_editor_split/app.js[22m
[2m18:44:52[22m [36m[1m[vite][22m[39m [90m[2m(client)[22m[39m [32mpage reload [39m[2m2d_bone_editor_split/app.js[22m
[2m18:46:19[22m [36m[1m[vite][22m[39m [90m[2m(client)[22m[39m [32mpage reload [39m[2m2d_bone_editor_split/app.js[22m
[2m19:00:50[22m [36m[1m[vite][22m[39m [90m[2m(client)[22m[39m [32mpage reload [39m[2m2d_bone_editor_split/app.js[22m
[2m19:00:57[22m [36m[1m[vite][22m[39m [90m[2m(client)[22m[39m [32mpage reload [39m[2m2d_bone_editor_split/app.js[22m
[2m19:32:10[22m [36m[1m[vite][22m[39m [90m[2m(client)[22m[39m [32mpage reload [39m[2m2d_bone_editor_split/app.js[22m
[2m19:35:27[22m [36m[1m[vite][22m[39m [90m[2m(client)[22m[39m [32mpage reload [39m[2m2d_bone_editor_split/app.js[22m
[2m19:48:41[22m [36m[1m[vite][22m[39m [90m[2m(client)[22m[39m [32mpage reload [39m[2m2d_bone_editor_split/app.js[22m
[2m19:53:47[22m [36m[1m[vite][22m[39m [90m[2m(client)[22m[39m [32mpage reload [39m[2m2d_bone_editor_split/app.js[22m
[2m19:54:59[22m [36m[1m[vite][22m[39m [90m[2m(client)[22m[39m [32mpage reload [39m[2m2d_bone_editor_split/app.js[22m
[2m19:54:59[22m [36m[1m[vite][22m[39m [90m[2m(client)[22m[39m [32mhmr update [39m[2m/2d_bone_editor_split/style.css?direct[22m
[2m20:17:19[22m [36m[1m[vite][22m[39m [90m[2m(client)[22m[39m [32mhmr update [39m[2m/2d_bone_editor_split/style.css?direct[22m
[2m20:17:59[22m [36m[1m[vite][22m[39m [90m[2m(client)[22m[39m [32mhmr update [39m[2m/2d_bone_editor_split/style.css?direct[22m
[2m20:32:27[22m [36m[1m[vite][22m[39m [90m[2m(client)[22m[39m [32mhmr update [39m[2m/2d_bone_editor_split/style.css?direct[22m
[2m20:36:55[22m [36m[1m[vite][22m[39m [90m[2m(client)[22m[39m [32mpage reload [39m[2m2d_bone_editor_split/app.js[22m
[2m20:36:55[22m [36m[1m[vite][22m[39m [90m[2m(client)[22m[39m [32mhmr update [39m[2m/2d_bone_editor_split/style.css?direct[22m
[2m20:40:02[22m [36m[1m[vite][22m[39m [90m[2m(client)[22m[39m [32mpage reload [39m[2m2d_bone_editor_split/app.js[22m
[2m20:45:56[22m [36m[1m[vite][22m[39m [90m[2m(client)[22m[39m [32mpage reload [39m[2m2d_bone_editor_split/app.js[22m
[2m20:48:08[22m [36m[1m[vite][22m[39m [90m[2m(client)[22m[39m [32mpage reload [39m[2m2d_bone_editor_split/app.js[22m
[2m21:41:17[22m [36m[1m[vite][22m[39m [90m[2m(client)[22m[39m [32mpage reload [39m[2m2d_bone_editor_split/app.js[22m
[2m21:41:27[22m [36m[1m[vite][22m[39m [90m[2m(client)[22m[39m [32mpage reload [39m[2m2d_bone_editor_split/app.js[22m
[2m21:41:31[22m [36m[1m[vite][22m[39m [90m[2m(client)[22m[39m [32mpage reload [39m[2m2d_bone_editor_split/app.js[22m
[2m21:41:42[22m [36m[1m[vite][22m[39m [90m[2m(client)[22m[39m [32mpage reload [39m[2m2d_bone_editor_split/app.js[22m
[2m21:41:58[22m [36m[1m[vite][22m[39m [90m[2m(client)[22m[39m [32mpage reload [39m[2m2d_bone_editor_split/app.js[22m
[2m21:42:15[22m [36m[1m[vite][22m[39m [90m[2m(client)[22m[39m [32mpage reload [39m[2m2d_bone_editor_split/app.js[22m
[2m21:42:32[22m [36m[1m[vite][22m[39m [90m[2m(client)[22m[39m [32mpage reload [39m[2m2d_bone_editor_split/app.js[22m
[2m21:42:40[22m [36m[1m[vite][22m[39m [90m[2m(client)[22m[39m [32mpage reload [39m[2m2d_bone_editor_split/app.js[22m
[2m21:42:47[22m [36m[1m[vite][22m[39m [90m[2m(client)[22m[39m [32mpage reload [39m[2m2d_bone_editor_split/app.js[22m
[2m21:42:57[22m [36m[1m[vite][22m[39m [90m[2m(client)[22m[39m [32mpage reload [39m[2m2d_bone_editor_split/app.js[22m
[2m21:43:06[22m [36m[1m[vite][22m[39m [90m[2m(client)[22m[39m [32mpage reload [39m[2m2d_bone_editor_split/app.js[22m
[2m21:43:13[22m [36m[1m[vite][22m[39m [90m[2m(client)[22m[39m [32mhmr update [39m[2m/2d_bone_editor_split/style.css?direct[22m
[2m21:45:48[22m [36m[1m[vite][22m[39m [90m[2m(client)[22m[39m [32mpage reload [39m[2m2d_bone_editor_split/app.js[22m
[2m21:47:08[22m [36m[1m[vite][22m[39m [90m[2m(client)[22m[39m [32mpage reload [39m[2m2d_bone_editor_split/app.js[22m
[2m21:47:08[22m [36m[1m[vite][22m[39m [90m[2m(client)[22m[39m [32mhmr update [39m[2m/2d_bone_editor_split/style.css?direct[22m
[2m22:17:15[22m [36m[1m[vite][22m[39m [90m[2m(client)[22m[39m [32mpage reload [39m[2m2d_bone_editor_split/app.js[22m
[2m22:25:58[22m [36m[1m[vite][22m[39m [90m[2m(client)[22m[39m [32mpage reload [39m[2m2d_bone_editor_split/app.js[22m
[2m22:25:58[22m [36m[1m[vite][22m[39m [90m[2m(client)[22m[39m [32mhmr update [39m[2m/2d_bone_editor_split/style.css?direct[22m
[2m0:29:15[22m [36m[1m[vite][22m[39m [90m[2m(client)[22m[39m [32mpage reload [39m[2m2d_bone_editor_split/index.html[22m
[2m0:29:31[22m [36m[1m[vite][22m[39m [90m[2m(client)[22m[39m [32mhmr update [39m[2m/2d_bone_editor_split/style.css?direct[22m
[2m0:29:45[22m [36m[1m[vite][22m[39m [90m[2m(client)[22m[39m [32mpage reload [39m[2m2d_bone_editor_split/app.js[22m
[2m0:29:50[22m [36m[1m[vite][22m[39m [90m[2m(client)[22m[39m [32mpage reload [39m[2m2d_bone_editor_split/app.js[22m
[2m0:30:07[22m [36m[1m[vite][22m[39m [90m[2m(client)[22m[39m [32mpage reload [39m[2m2d_bone_editor_split/app.js[22m
[2m0:30:23[22m [36m[1m[vite][22m[39m [90m[2m(client)[22m[39m [32mpage reload [39m[2m2d_bone_editor_split/app.js[22m
[2m0:30:43[22m [36m[1m[vite][22m[39m [90m[2m(client)[22m[39m [32mpage reload [39m[2m2d_bone_editor_split/app.js[22m
[2m0:33:40[22m [36m[1m[vite][22m[39m [90m[2m(client)[22m[39m [32mhmr update [39m[2m/2d_bone_editor_split/style.css?direct[22m
[2m0:39:45[22m [36m[1m[vite][22m[39m [90m[2m(client)[22m[39m [32mpage reload [39m[2m2d_bone_editor_split/index.html[22m
[2m0:39:45[22m [36m[1m[vite][22m[39m [90m[2m(client)[22m[39m [32mhmr update [39m[2m/2d_bone_editor_split/style.css?direct[22m
[2m0:39:45[22m [36m[1m[vite][22m[39m [90m[2m(client)[22m[39m [32mpage reload [39m[2m2d_bone_editor_split/app.js[22m
[2m0:40:31[22m [36m[1m[vite][22m[39m [90m[2m(client)[22m[39m [32mpage reload [39m[2m2d_bone_editor_split/app.js[22m
[2m0:41:07[22m [36m[1m[vite][22m[39m [90m[2m(client)[22m[39m [32mpage reload [39m[2m2d_bone_editor_split/index.html[22m
[2m0:41:07[22m [36m[1m[vite][22m[39m [90m[2m(client)[22m[39m [32mhmr update [39m[2m/2d_bone_editor_split/style.css?direct[22m
[2m0:42:37[22m [36m[1m[vite][22m[39m [90m[2m(client)[22m[39m [32mpage reload [39m[2m2d_bone_editor_split/app.js[22m
[2m0:42:45[22m [36m[1m[vite][22m[39m [90m[2m(client)[22m[39m [32mpage reload [39m[2m2d_bone_editor_split/app.js[22m
[2m0:44:32[22m [36m[1m[vite][22m[39m [90m[2m(client)[22m[39m [32mpage reload [39m[2m2d_bone_editor_split/app.js[22m
[2m0:46:51[22m [36m[1m[vite][22m[39m [90m[2m(client)[22m[39m [32mpage reload [39m[2m2d_bone_editor_split/index.html[22m
[2m0:46:51[22m [36m[1m[vite][22m[39m [90m[2m(client)[22m[39m [32mhmr update [39m[2m/2d_bone_editor_split/style.css?direct[22m
[2m0:46:51[22m [36m[1m[vite][22m[39m [90m[2m(client)[22m[39m [32mpage reload [39m[2m2d_bone_editor_split/app.js[22m
[2m1:01:48[22m [36m[1m[vite][22m[39m [90m[2m(client)[22m[39m [32mpage reload [39m[2m2d_bone_editor_split/index.html[22m
[2m1:01:48[22m [36m[1m[vite][22m[39m [90m[2m(client)[22m[39m [32mhmr update [39m[2m/2d_bone_editor_split/style.css?direct[22m
[2m1:01:48[22m [36m[1m[vite][22m[39m [90m[2m(client)[22m[39m [32mpage reload [39m[2m2d_bone_editor_split/app.js[22m
[2m1:02:38[22m [36m[1m[vite][22m[39m [90m[2m(client)[22m[39m [32mpage reload [39m[2m2d_bone_editor_split/app.js[22m
[2m1:03:06[22m [36m[1m[vite][22m[39m [90m[2m(client)[22m[39m [32mpage reload [39m[2m2d_bone_editor_split/app.js[22m
[2m1:03:22[22m [36m[1m[vite][22m[39m [90m[2m(client)[22m[39m [32mpage reload [39m[2m2d_bone_editor_split/app.js[22m
[2m1:03:22[22m [36m[1m[vite][22m[39m [90m[2m(client)[22m[39m [32mpage reload [39m[2m2d_bone_editor_split/index.html[22m
[2m1:06:47[22m [36m[1m[vite][22m[39m [90m[2m(client)[22m[39m [32mhmr update [39m[2m/2d_bone_editor_split/style.css?direct[22m
[2m1:48:57[22m [36m[1m[vite][22m[39m [90m[2m(client)[22m[39m [32mpage reload [39m[2m2d_bone_editor_split/index.html[22m
[2m1:49:42[22m [36m[1m[vite][22m[39m [90m[2m(client)[22m[39m [32mhmr update [39m[2m/2d_bone_editor_split/style.css?direct[22m
[2m1:50:06[22m [36m[1m[vite][22m[39m [90m[2m(client)[22m[39m [32mpage reload [39m[2m2d_bone_editor_split/index.html[22m
[2m1:50:06[22m [36m[1m[vite][22m[39m [90m[2m(client)[22m[39m [32mpage reload [39m[2m2d_bone_editor_split/app.js[22m
[2m1:50:25[22m [36m[1m[vite][22m[39m [90m[2m(client)[22m[39m [32mpage reload [39m[2m2d_bone_editor_split/app.js[22m
[2m1:50:38[22m [36m[1m[vite][22m[39m [90m[2m(client)[22m[39m [32mpage reload [39m[2m2d_bone_editor_split/app.js[22m
[2m1:50:49[22m [36m[1m[vite][22m[39m [90m[2m(client)[22m[39m [32mpage reload [39m[2m2d_bone_editor_split/app.js[22m
[2m1:50:59[22m [36m[1m[vite][22m[39m [90m[2m(client)[22m[39m [32mpage reload [39m[2m2d_bone_editor_split/app.js[22m
[2m1:51:31[22m [36m[1m[vite][22m[39m [90m[2m(client)[22m[39m [32mpage reload [39m[2m2d_bone_editor_split/app.js[22m
[2m2:08:14[22m [36m[1m[vite][22m[39m [90m[2m(client)[22m[39m [32mpage reload [39m[2m2d_bone_editor_split/index.html[22m
[2m2:08:14[22m [36m[1m[vite][22m[39m [90m[2m(client)[22m[39m [32mpage reload [39m[2m2d_bone_editor_split/app.js[22m
[2m2:08:24[22m [36m[1m[vite][22m[39m [90m[2m(client)[22m[39m [32mpage reload [39m[2m2d_bone_editor_split/app.js[22m
[2m2:08:36[22m [36m[1m[vite][22m[39m [90m[2m(client)[22m[39m [32mpage reload [39m[2m2d_bone_editor_split/app.js[22m
[2m2:09:17[22m [36m[1m[vite][22m[39m [90m[2m(client)[22m[39m [32mpage reload [39m[2m2d_bone_editor_split/app.js[22m
[2m2:09:33[22m [36m[1m[vite][22m[39m [90m[2m(client)[22m[39m [32mpage reload [39m[2m2d_bone_editor_split/app.js[22m
[2m2:09:43[22m [36m[1m[vite][22m[39m [90m[2m(client)[22m[39m [32mpage reload [39m[2m2d_bone_editor_split/app.js[22m
[2m2:09:53[22m [36m[1m[vite][22m[39m [90m[2m(client)[22m[39m [32mpage reload [39m[2m2d_bone_editor_split/app.js[22m
[2m2:11:04[22m [36m[1m[vite][22m[39m [90m[2m(client)[22m[39m [32mpage reload [39m[2m2d_bone_editor_split/index.html[22m
[2m2:11:04[22m [36m[1m[vite][22m[39m [90m[2m(client)[22m[39m [32mpage reload [39m[2m2d_bone_editor_split/app.js[22m
[2m22:58:03[22m [36m[1m[vite][22m[39m [90m[2m(client)[22m[39m [32mhmr update [39m[2m/src/components/modals/robot/EffectEditorModal.vue[22m
[2m22:59:54[22m [36m[1m[vite][22m[39m [90m[2m(client)[22m[39m [32mhmr update [39m[2m/src/components/modals/robot/EffectEditorModal.vue, /src/components/modals/robot/EffectEditorModal.vue?vue&type=style&index=0&scoped=5b8b2a68&lang.css[22m
[2m23:02:15[22m [36m[1m[vite][22m[39m [90m[2m(client)[22m[39m [32mhmr update [39m[2m/src/components/modals/robot/EffectEditorModal.vue[22m
[2m23:03:45[22m [36m[1m[vite][22m[39m [90m[2m(client)[22m[39m [32mhmr update [39m[2m/src/components/modals/robot/EffectEditorModal.vue?vue&type=style&index=0&scoped=5b8b2a68&lang.css[22m
[2m23:07:44[22m [36m[1m[vite][22m[39m [90m[2m(client)[22m[39m [32mhmr update [39m[2m/src/components/modals/robot/EffectEditorModal.vue[22m
[2m23:08:00[22m [36m[1m[vite][22m[39m [90m[2m(client)[22m[39m [32mhmr update [39m[2m/src/components/modals/robot/EffectEditorModal.vue[22m
[2m23:11:23[22m [36m[1m[vite][22m[39m [90m[2m(client)[22m[39m [32mhmr update [39m[2m/src/components/modals/robot/EffectEditorModal.vue[22m
[2m23:11:35[22m [36m[1m[vite][22m[39m [90m[2m(client)[22m[39m [32mhmr update [39m[2m/src/components/modals/robot/EffectEditorModal.vue?vue&type=style&index=1&scoped=5b8b2a68&lang.css[22m
[2m23:11:50[22m [36m[1m[vite][22m[39m [90m[2m(client)[22m[39m [32mhmr update [39m[2m/src/components/modals/robot/EffectEditorModal.vue[22m
[2m23:12:34[22m [36m[1m[vite][22m[39m [90m[2m(client)[22m[39m [32mhmr update [39m[2m/src/components/modals/robot/EffectEditorModal.vue?vue&type=style&index=1&scoped=5b8b2a68&lang.css[22m
[2m23:19:13[22m [36m[1m[vite][22m[39m [90m[2m(client)[22m[39m [32mhmr update [39m[2m/src/components/modals/robot/EffectEditorModal.vue[22m
[2m23:19:34[22m [36m[1m[vite][22m[39m [90m[2m(client)[22m[39m [32mhmr update [39m[2m/src/components/modals/robot/EffectEditorModal.vue?vue&type=style&index=1&scoped=5b8b2a68&lang.css[22m
[2m23:21:45[22m [36m[1m[vite][22m[39m [90m[2m(client)[22m[39m [32mhmr update [39m[2m/src/components/modals/robot/EffectEditorModal.vue?vue&type=style&index=1&scoped=5b8b2a68&lang.css[22m
[2m23:22:28[22m [36m[1m[vite][22m[39m [90m[2m(client)[22m[39m [32mhmr update [39m[2m/src/components/modals/robot/EffectEditorModal.vue, /src/components/modals/robot/EffectEditorModal.vue?vue&type=style&index=1&scoped=5b8b2a68&lang.css[22m
[2m23:23:46[22m [36m[1m[vite][22m[39m [90m[2m(client)[22m[39m [32mhmr update [39m[2m/src/components/modals/robot/EffectEditorModal.vue[22m
[2m23:34:34[22m [36m[1m[vite][22m[39m [90m[2m(client)[22m[39m [32mhmr update [39m[2m/src/components/modals/robot/EffectEditorModal.vue[22m
[2m23:34:54[22m [36m[1m[vite][22m[39m [90m[2m(client)[22m[39m [32mhmr update [39m[2m/src/components/modals/robot/EffectEditorModal.vue?vue&type=style&index=1&scoped=5b8b2a68&lang.css[22m
[2m23:38:34[22m [36m[1m[vite][22m[39m [90m[2m(client)[22m[39m [32mhmr update [39m[2m/src/components/modals/robot/EffectEditorModal.vue[22m
[2m23:38:43[22m [36m[1m[vite][22m[39m [90m[2m(client)[22m[39m [32mhmr update [39m[2m/src/components/modals/robot/EffectEditorModal.vue[22m
[2m23:58:10[22m [36m[1m[vite][22m[39m [90m[2m(client)[22m[39m [32mhmr update [39m[2m/src/components/modals/robot/EffectEditorModal.vue[22m
[2m23:59:08[22m [36m[1m[vite][22m[39m [90m[2m(client)[22m[39m [32mhmr update [39m[2m/src/components/modals/robot/EffectEditorModal.vue[22m
[2m23:59:28[22m [36m[1m[vite][22m[39m [90m[2m(client)[22m[39m [32mhmr update [39m[2m/src/components/modals/robot/EffectEditorModal.vue[22m
[2m23:59:47[22m [36m[1m[vite][22m[39m [90m[2m(client)[22m[39m [32mhmr update [39m[2m/src/components/modals/robot/EffectEditorModal.vue?vue&type=style&index=1&scoped=5b8b2a68&lang.css[22m
[2m0:00:44[22m [36m[1m[vite][22m[39m [90m[2m(client)[22m[39m [32mhmr update [39m[2m/src/components/modals/robot/EffectEditorModal.vue[22m
[2m17:48:13[22m [36m[1m[vite][22m[39m [90m[2m(client)[22m[39m [32mpage reload [39m[2m2d_bone_editor_split/index.html[22m
[2m17:48:13[22m [36m[1m[vite][22m[39m [90m[2m(client)[22m[39m [32mhmr update [39m[2m/2d_bone_editor_split/style.css?direct[22m
[2m17:48:13[22m [36m[1m[vite][22m[39m [90m[2m(client)[22m[39m [32mpage reload [39m[2m2d_bone_editor_split/app.js[22m
[2m18:03:43[22m [36m[1m[vite][22m[39m [90m[2m(client)[22m[39m [32mpage reload [39m[2m2d_bone_editor_split/index.html[22m
[2m18:03:44[22m [36m[1m[vite][22m[39m [90m[2m(client)[22m[39m [32mhmr update [39m[2m/2d_bone_editor_split/style.css?direct[22m
[2m18:03:44[22m [36m[1m[vite][22m[39m [90m[2m(client)[22m[39m [32mpage reload [39m[2m2d_bone_editor_split/app.js[22m
[2m18:05:18[22m [36m[1m[vite][22m[39m [90m[2m(client)[22m[39m [32mpage reload [39m[2m2d_bone_editor_split/app.js[22m
[2m18:05:18[22m [36m[1m[vite][22m[39m [90m[2m(client)[22m[39m [32mpage reload [39m[2m2d_bone_editor_split/index.html[22m
[2m18:05:36[22m [36m[1m[vite][22m[39m [90m[2m(client)[22m[39m [32mpage reload [39m[2m2d_bone_editor_split/app.js[22m
[2m18:06:02[22m [36m[1m[vite][22m[39m [90m[2m(client)[22m[39m [32mpage reload [39m[2m2d_bone_editor_split/index.html[22m
[2m18:06:41[22m [36m[1m[vite][22m[39m [90m[2m(client)[22m[39m [32mhmr update [39m[2m/2d_bone_editor_split/style.css?direct[22m
[2m18:22:54[22m [36m[1m[vite][22m[39m [90m[2m(client)[22m[39m [32mpage reload [39m[2m2d_bone_editor_split/index.html[22m
[2m18:22:54[22m [36m[1m[vite][22m[39m [90m[2m(client)[22m[39m [32mhmr update [39m[2m/2d_bone_editor_split/style.css?direct[22m
[2m18:22:54[22m [36m[1m[vite][22m[39m [90m[2m(client)[22m[39m [32mpage reload [39m[2m2d_bone_editor_split/app.js[22m
[2m18:24:25[22m [36m[1m[vite][22m[39m [90m[2m(client)[22m[39m [32mpage reload [39m[2m2d_bone_editor_split/index.html[22m
[2m18:24:25[22m [36m[1m[vite][22m[39m [90m[2m(client)[22m[39m [32mhmr update [39m[2m/2d_bone_editor_split/style.css?direct[22m
[2m0:59:50[22m [36m[1m[vite][22m[39m [90m[2m(client)[22m[39m [32mpage reload [39m[2m2d_bone_editor_split/index.html[22m
[2m0:59:50[22m [36m[1m[vite][22m[39m [90m[2m(client)[22m[39m [32mhmr update [39m[2m/2d_bone_editor_split/style.css?direct[22m
[2m0:59:50[22m [36m[1m[vite][22m[39m [90m[2m(client)[22m[39m [32mpage reload [39m[2m2d_bone_editor_split/app.js[22m
[2m1:00:12[22m [36m[1m[vite][22m[39m [90m[2m(client)[22m[39m [32mpage reload [39m[2m2d_bone_editor_split/app.js[22m
[2m1:03:09[22m [36m[1m[vite][22m[39m [90m[2m(client)[22m[39m [32mpage reload [39m[2m2d_bone_editor_split/app.js[22m
[2m3:04:26[22m [36m[1m[vite][22m[39m [90m[2m(client)[22m[39m [32mpage reload [39m[2m2d_bone_editor_split/app.js[22m
[2m3:08:10[22m [36m[1m[vite][22m[39m [90m[2m(client)[22m[39m [32mpage reload [39m[2m2d_bone_editor_split/app.js[22m
[2m3:26:00[22m [36m[1m[vite][22m[39m [32mtools/areaMasterDevApi.mjs changed, restarting server...[39m
[2m3:26:00[22m [36m[1m[vite][22m[39m [90m[2m(client)[22m[39m [32mhmr update [39m[2m/src/views/CharacterLibraryView.vue, /src/views/CharacterLibraryView.vue?vue&type=style&index=0&scoped=9210e050&lang.css[22m
[2m3:26:01[22m [36m[1m[vite][22m[39m server restarted.
[2m3:26:22[22m [36m[1m[vite][22m[39m [32mtools/areaMasterDevApi.mjs changed, restarting server...[39m
[2m3:26:22[22m [36m[1m[vite][22m[39m [90m[2m(client)[22m[39m [32mhmr update [39m[2m/src/views/CharacterLibraryView.vue[22m
[2m3:26:22[22m [36m[1m[vite][22m[39m server restarted.
