[33mThe glob option "as" has been deprecated in favour of "query". Please update `as: 'url'` to `query: '?url', import: 'default'`.[39m
[33mThe glob option "as" has been deprecated in favour of "query". Please update `as: 'url'` to `query: '?url', import: 'default'`.[39m
[33mThe glob option "as" has been deprecated in favour of "query". Please update `as: 'url'` to `query: '?url', import: 'default'`.[39m
[33mThe glob option "as" has been deprecated in favour of "query". Please update `as: 'url'` to `query: '?url', import: 'default'`.[39m
[33mThe glob option "as" has been deprecated in favour of "query". Please update `as: 'url'` to `query: '?url', import: 'default'`.[39m
[33mThe glob option "as" has been deprecated in favour of "query". Please update `as: 'url'` to `query: '?url', import: 'default'`.[39m
[33mThe glob option "as" has been deprecated in favour of "query". Please update `as: 'url'` to `query: '?url', import: 'default'`.[39m
[33mThe glob option "as" has been deprecated in favour of "query". Please update `as: 'url'` to `query: '?url', import: 'default'`.[39m
[33mThe glob option "as" has been deprecated in favour of "query". Please update `as: 'url'` to `query: '?url', import: 'default'`.[39m
[2m23:04:07[22m [33m[1m[vite][22m[39m [33m[2m(client)[22m[39m [33mwarning: <td> cannot be child of <div>, according to HTML specifications. This can cause hydration errors or potentially disrupt future functionality.
4  |          
5  |        <div v-if="activeTab !== '魔法'" class="exp-div">
6  |          <td class="exp-btn-cell">
   |          ^^^^^^^^^^^^^^^^^^^^^^^^^
7  |            <button 
   |  ^^^^^^^^^^^^^^^^^^
8  |              class="lvup-btn"
   |  ^^^^^^^^^^^^^^^^^^^^^^^^^^^^
9  |              :class="{ 'lvup-active': character.stats.experience >= character.stats.nextLevelExp }"
   |  ^^^^^^^^^^^^^^^^^^^^^^^^^^^^^^^^^^^^^^^^^^^^^^^^^^^^^^^^^^^^^^^^^^^^^^^^^^^^^^^^^^^^^^^^^^^^^^^^^^
10 |              :disabled="character.stats.experience < character.stats.nextLevelExp"
   |  ^^^^^^^^^^^^^^^^^^^^^^^^^^^^^^^^^^^^^^^^^^^^^^^^^^^^^^^^^^^^^^^^^^^^^^^^^^^^^^^^^
11 |              @click="levelUpMode = !levelUpMode"
   |  ^^^^^^^^^^^^^^^^^^^^^^^^^^^^^^^^^^^^^^^^^^^^^^^
12 |            >
   |  ^^^^^^^^^^^
13 |              Lvアップ
   |  ^^^^^^^^^^^^^^^^^
14 |            </button>
   |  ^^^^^^^^^^^^^^^^^^^
15 |          </td>
   |  ^^^^^^^^^^^^^[39m
  Plugin: [35mvite:vue[39m
  File: [36mC:/Users/skkt3/ドキュメント/Github/game-project/src/components/modals/status/StatsTab.vue[39m
[2m23:04:07[22m [33m[1m[vite][22m[39m [33m[2m(client)[22m[39m [33mwarning: <td> cannot be child of <div>, according to HTML specifications. This can cause hydration errors or potentially disrupt future functionality.
14 |            </button>
15 |          </td>
16 |          <td class="exp-btn-cell">
   |          ^^^^^^^^^^^^^^^^^^^^^^^^^
17 |            <button
   |  ^^^^^^^^^^^^^^^^^
18 |              class="addclass-btn"
   |  ^^^^^^^^^^^^^^^^^^^^^^^^^^^^^^^^
19 |              :class="{ 'lvup-active': character.stats.experience >= character.stats.nextLevelExp }"
   |  ^^^^^^^^^^^^^^^^^^^^^^^^^^^^^^^^^^^^^^^^^^^^^^^^^^^^^^^^^^^^^^^^^^^^^^^^^^^^^^^^^^^^^^^^^^^^^^^^^^
20 |              :disabled="character.stats.experience < character.stats.nextLevelExp"
   |  ^^^^^^^^^^^^^^^^^^^^^^^^^^^^^^^^^^^^^^^^^^^^^^^^^^^^^^^^^^^^^^^^^^^^^^^^^^^^^^^^^
21 |              @click="openAddClassModal"
   |  ^^^^^^^^^^^^^^^^^^^^^^^^^^^^^^^^^^^^^^
22 |            >
   |  ^^^^^^^^^^^
23 |              新規取得
   |  ^^^^^^^^^^^^^^^^
24 |            </button>
   |  ^^^^^^^^^^^^^^^^^^^
25 |          </td>
   |  ^^^^^^^^^^^^^[39m
  Plugin: [35mvite:vue[39m
  File: [36mC:/Users/skkt3/ドキュメント/Github/game-project/src/components/modals/status/StatsTab.vue[39m
[2m23:04:07[22m [33m[1m[vite][22m[39m [33m[2m(client)[22m[39m [33mwarning: <td> cannot be child of <div>, according to HTML specifications. This can cause hydration errors or potentially disrupt future functionality.
24 |            </button>
25 |          </td>
26 |          <td class="exp-cell">
   |          ^^^^^^^^^^^^^^^^^^^^^
27 |            EXP {{ character.stats.experience }} / {{ character.stats.nextLevelExp }}
   |  ^^^^^^^^^^^^^^^^^^^^^^^^^^^^^^^^^^^^^^^^^^^^^^^^^^^^^^^^^^^^^^^^^^^^^^^^^^^^^^^^^^^
28 |            （残り: {{ character.stats.nextLevelExp - character.stats.experience }}）
   |  ^^^^^^^^^^^^^^^^^^^^^^^^^^^^^^^^^^^^^^^^^^^^^^^^^^^^^^^^^^^^^^^^^^^^^^^^^^^^^^^
29 |          </td>
   |  ^^^^^^^^^^^^^[39m
  Plugin: [35mvite:vue[39m
  File: [36mC:/Users/skkt3/ドキュメント/Github/game-project/src/components/modals/status/StatsTab.vue[39m
[2m23:04:07[22m [33m[1m[vite][22m[39m [33m[2m(client)[22m[39m [33mwarning: <td> cannot be child of <div>, according to HTML specifications. This can cause hydration errors or potentially disrupt future functionality.
29 |          </td>
30 |            <!-- ★ テスト用：EXP増減ボタン -->
31 |          <td class="exp-cell">
   |          ^^^^^^^^^^^^^^^^^^^^^
32 |            <button @click="addExp(-500)" class="exp-btn minus">-500</button>
   |  ^^^^^^^^^^^^^^^^^^^^^^^^^^^^^^^^^^^^^^^^^^^^^^^^^^^^^^^^^^^^^^^^^^^^^^^^^^^
33 |          </td>
   |  ^^^^^^^^^^^^^[39m
  Plugin: [35mvite:vue[39m
  File: [36mC:/Users/skkt3/ドキュメント/Github/game-project/src/components/modals/status/StatsTab.vue[39m
[2m23:04:07[22m [33m[1m[vite][22m[39m [33m[2m(client)[22m[39m [33mwarning: <td> cannot be child of <div>, according to HTML specifications. This can cause hydration errors or potentially disrupt future functionality.
32 |            <button @click="addExp(-500)" class="exp-btn minus">-500</button>
33 |          </td>
34 |          <td class="exp-cell">
   |          ^^^^^^^^^^^^^^^^^^^^^
35 |            <button @click="addExp(500)"  class="exp-btn plus">+500</button>
   |  ^^^^^^^^^^^^^^^^^^^^^^^^^^^^^^^^^^^^^^^^^^^^^^^^^^^^^^^^^^^^^^^^^^^^^^^^^^
36 |          </td>
   |  ^^^^^^^^^^^^^[39m
  Plugin: [35mvite:vue[39m
  File: [36mC:/Users/skkt3/ドキュメント/Github/game-project/src/components/modals/status/StatsTab.vue[39m
[2m23:04:07[22m [33m[1m[vite][22m[39m [33m[2m(client)[22m[39m [33mwarning: <td> cannot be child of <div>, according to HTML specifications. This can cause hydration errors or potentially disrupt future functionality.
37 |        </div>
38 |        <div v-else class="magic-exp-row">
39 |          <td class="exp-cell">
   |          ^^^^^^^^^^^^^^^^^^^^^
40 |            <button
   |  ^^^^^^^^^^^^^^^^^
41 |            :class="{ 'lvup-active': props.character.attribute.selected.length < props.character.magic.magicRank }"
   |  ^^^^^^^^^^^^^^^^^^^^^^^^^^^^^^^^^^^^^^^^^^^^^^^^^^^^^^^^^^^^^^^^^^^^^^^^^^^^^^^^^^^^^^^^^^^^^^^^^^^^^^^^^^^^^^^^^
42 |            :disabled="!(props.character.attribute.selected.length < props.character.magic.magicRank)"
   |  ^^^^^^^^^^^^^^^^^^^^^^^^^^^^^^^^^^^^^^^^^^^^^^^^^^^^^^^^^^^^^^^^^^^^^^^^^^^^^^^^^^^^^^^^^^^^^^^^^^^^
43 |            @click="openAttributeModal">
   |  ^^^^^^^^^^^^^^^^^^^^^^^^^^^^^^^^^^^^^^
44 |            属性を追加する
   |  ^^^^^^^^^^^^^^^^^
45 |            </button>
   |  ^^^^^^^^^^^^^^^^^^^
46 |          </td>
   |  ^^^^^^^^^^^^^[39m
  Plugin: [35mvite:vue[39m
  File: [36mC:/Users/skkt3/ドキュメント/Github/game-project/src/components/modals/status/StatsTab.vue[39m
[2m9:35:43[22m [31m[1m[vite][22m[39m [31mhttp proxy error: /api/excel/classes[39m
AggregateError [ECONNREFUSED]: 
    at internalConnectMultiple (node:net:1134:18)
    at afterConnectMultiple (node:net:1715:7)
[2m9:35:49[22m [31m[1m[vite][22m[39m [31mhttp proxy error: /api/characters[39m
AggregateError [ECONNREFUSED]: 
    at internalConnectMultiple (node:net:1134:18)
    at afterConnectMultiple (node:net:1715:7)
[2m9:35:55[22m [31m[1m[vite][22m[39m [31mhttp proxy error: /api/excel/classes[39m
AggregateError [ECONNREFUSED]: 
    at internalConnectMultiple (node:net:1134:18)
    at afterConnectMultiple (node:net:1715:7)
[2m9:36:03[22m [31m[1m[vite][22m[39m [31mhttp proxy error: /api/login[39m
AggregateError [ECONNREFUSED]: 
    at internalConnectMultiple (node:net:1134:18)
    at afterConnectMultiple (node:net:1715:7)
[2m9:36:08[22m [31m[1m[vite][22m[39m [31mhttp proxy error: /api/login[39m
AggregateError [ECONNREFUSED]: 
    at internalConnectMultiple (node:net:1134:18)
    at afterConnectMultiple (node:net:1715:7)
[2m9:36:11[22m [31m[1m[vite][22m[39m [31mhttp proxy error: /api/login[39m
AggregateError [ECONNREFUSED]: 
    at internalConnectMultiple (node:net:1134:18)
    at afterConnectMultiple (node:net:1715:7)
[2m9:36:16[22m [31m[1m[vite][22m[39m [31mhttp proxy error: /api/login[39m
AggregateError [ECONNREFUSED]: 
    at internalConnectMultiple (node:net:1134:18)
    at afterConnectMultiple (node:net:1715:7)
[33mThe glob option "as" has been deprecated in favour of "query". Please update `as: 'url'` to `query: '?url', import: 'default'`.[39m
[33mThe glob option "as" has been deprecated in favour of "query". Please update `as: 'url'` to `query: '?url', import: 'default'`.[39m
[33mThe glob option "as" has been deprecated in favour of "query". Please update `as: 'url'` to `query: '?url', import: 'default'`.[39m
[33mThe glob option "as" has been deprecated in favour of "query". Please update `as: 'url'` to `query: '?url', import: 'default'`.[39m
[33mThe glob option "as" has been deprecated in favour of "query". Please update `as: 'url'` to `query: '?url', import: 'default'`.[39m
[33mThe glob option "as" has been deprecated in favour of "query". Please update `as: 'url'` to `query: '?url', import: 'default'`.[39m
[33mThe glob option "as" has been deprecated in favour of "query". Please update `as: 'url'` to `query: '?url', import: 'default'`.[39m
[33mThe glob option "as" has been deprecated in favour of "query". Please update `as: 'url'` to `query: '?url', import: 'default'`.[39m
[33mThe glob option "as" has been deprecated in favour of "query". Please update `as: 'url'` to `query: '?url', import: 'default'`.[39m
[33mThe glob option "as" has been deprecated in favour of "query". Please update `as: 'url'` to `query: '?url', import: 'default'`.[39m
[33mThe glob option "as" has been deprecated in favour of "query". Please update `as: 'url'` to `query: '?url', import: 'default'`.[39m
[33mThe glob option "as" has been deprecated in favour of "query". Please update `as: 'url'` to `query: '?url', import: 'default'`.[39m
[33mThe glob option "as" has been deprecated in favour of "query". Please update `as: 'url'` to `query: '?url', import: 'default'`.[39m
[33mThe glob option "as" has been deprecated in favour of "query". Please update `as: 'url'` to `query: '?url', import: 'default'`.[39m
[33mThe glob option "as" has been deprecated in favour of "query". Please update `as: 'url'` to `query: '?url', import: 'default'`.[39m
[33mThe glob option "as" has been deprecated in favour of "query". Please update `as: 'url'` to `query: '?url', import: 'default'`.[39m
[33mThe glob option "as" has been deprecated in favour of "query". Please update `as: 'url'` to `query: '?url', import: 'default'`.[39m
[33mThe glob option "as" has been deprecated in favour of "query". Please update `as: 'url'` to `query: '?url', import: 'default'`.[39m
[33mThe glob option "as" has been deprecated in favour of "query". Please update `as: 'url'` to `query: '?url', import: 'default'`.[39m
[33mThe glob option "as" has been deprecated in favour of "query". Please update `as: 'url'` to `query: '?url', import: 'default'`.[39m
[33mThe glob option "as" has been deprecated in favour of "query". Please update `as: 'url'` to `query: '?url', import: 'default'`.[39m
[33mThe glob option "as" has been deprecated in favour of "query". Please update `as: 'url'` to `query: '?url', import: 'default'`.[39m
[33mThe glob option "as" has been deprecated in favour of "query". Please update `as: 'url'` to `query: '?url', import: 'default'`.[39m
[33mThe glob option "as" has been deprecated in favour of "query". Please update `as: 'url'` to `query: '?url', import: 'default'`.[39m
[33mThe glob option "as" has been deprecated in favour of "query". Please update `as: 'url'` to `query: '?url', import: 'default'`.[39m
[33mThe glob option "as" has been deprecated in favour of "query". Please update `as: 'url'` to `query: '?url', import: 'default'`.[39m
[33mThe glob option "as" has been deprecated in favour of "query". Please update `as: 'url'` to `query: '?url', import: 'default'`.[39m
[33mThe glob option "as" has been deprecated in favour of "query". Please update `as: 'url'` to `query: '?url', import: 'default'`.[39m
[33mThe glob option "as" has been deprecated in favour of "query". Please update `as: 'url'` to `query: '?url', import: 'default'`.[39m
[33mThe glob option "as" has been deprecated in favour of "query". Please update `as: 'url'` to `query: '?url', import: 'default'`.[39m
[33mThe glob option "as" has been deprecated in favour of "query". Please update `as: 'url'` to `query: '?url', import: 'default'`.[39m
[33mThe glob option "as" has been deprecated in favour of "query". Please update `as: 'url'` to `query: '?url', import: 'default'`.[39m
[33mThe glob option "as" has been deprecated in favour of "query". Please update `as: 'url'` to `query: '?url', import: 'default'`.[39m
[33mThe glob option "as" has been deprecated in favour of "query". Please update `as: 'url'` to `query: '?url', import: 'default'`.[39m
[2m4:39:32[22m [33m[1m[vite][22m[39m [33m[2m(client)[22m[39m [33mwarning: <td> cannot be child of <div>, according to HTML specifications. This can cause hydration errors or potentially disrupt future functionality.
4  |          
5  |        <div v-if="activeTab !== '魔法'" class="exp-div">
6  |          <td class="exp-btn-cell">
   |          ^^^^^^^^^^^^^^^^^^^^^^^^^
7  |            <button 
   |  ^^^^^^^^^^^^^^^^^^
8  |              class="lvup-btn"
   |  ^^^^^^^^^^^^^^^^^^^^^^^^^^^^
9  |              :class="{ 'lvup-active': character.stats.experience >= character.stats.nextLevelExp }"
   |  ^^^^^^^^^^^^^^^^^^^^^^^^^^^^^^^^^^^^^^^^^^^^^^^^^^^^^^^^^^^^^^^^^^^^^^^^^^^^^^^^^^^^^^^^^^^^^^^^^^
10 |              :disabled="character.stats.experience < character.stats.nextLevelExp"
   |  ^^^^^^^^^^^^^^^^^^^^^^^^^^^^^^^^^^^^^^^^^^^^^^^^^^^^^^^^^^^^^^^^^^^^^^^^^^^^^^^^^
11 |              @click="levelUpMode = !levelUpMode"
   |  ^^^^^^^^^^^^^^^^^^^^^^^^^^^^^^^^^^^^^^^^^^^^^^^
12 |            >
   |  ^^^^^^^^^^^
13 |              Lvアップ
   |  ^^^^^^^^^^^^^^^^^
14 |            </button>
   |  ^^^^^^^^^^^^^^^^^^^
15 |          </td>
   |  ^^^^^^^^^^^^^[39m
  Plugin: [35mvite:vue[39m
  File: [36mC:/Users/skkt3/ドキュメント/Github/game-project/src/components/modals/status/StatsTab.vue[39m
[2m4:39:32[22m [33m[1m[vite][22m[39m [33m[2m(client)[22m[39m [33mwarning: <td> cannot be child of <div>, according to HTML specifications. This can cause hydration errors or potentially disrupt future functionality.
14 |            </button>
15 |          </td>
16 |          <td class="exp-btn-cell">
   |          ^^^^^^^^^^^^^^^^^^^^^^^^^
17 |            <button
   |  ^^^^^^^^^^^^^^^^^
18 |              class="addclass-btn"
   |  ^^^^^^^^^^^^^^^^^^^^^^^^^^^^^^^^
19 |              :class="{ 'lvup-active': character.stats.experience >= character.stats.nextLevelExp }"
   |  ^^^^^^^^^^^^^^^^^^^^^^^^^^^^^^^^^^^^^^^^^^^^^^^^^^^^^^^^^^^^^^^^^^^^^^^^^^^^^^^^^^^^^^^^^^^^^^^^^^
20 |              :disabled="character.stats.experience < character.stats.nextLevelExp"
   |  ^^^^^^^^^^^^^^^^^^^^^^^^^^^^^^^^^^^^^^^^^^^^^^^^^^^^^^^^^^^^^^^^^^^^^^^^^^^^^^^^^
21 |              @click="openAddClassModal"
   |  ^^^^^^^^^^^^^^^^^^^^^^^^^^^^^^^^^^^^^^
22 |            >
   |  ^^^^^^^^^^^
23 |              新規取得
   |  ^^^^^^^^^^^^^^^^
24 |            </button>
   |  ^^^^^^^^^^^^^^^^^^^
25 |          </td>
   |  ^^^^^^^^^^^^^[39m
  Plugin: [35mvite:vue[39m
  File: [36mC:/Users/skkt3/ドキュメント/Github/game-project/src/components/modals/status/StatsTab.vue[39m
[2m4:39:32[22m [33m[1m[vite][22m[39m [33m[2m(client)[22m[39m [33mwarning: <td> cannot be child of <div>, according to HTML specifications. This can cause hydration errors or potentially disrupt future functionality.
24 |            </button>
25 |          </td>
26 |          <td class="exp-cell">
   |          ^^^^^^^^^^^^^^^^^^^^^
27 |            EXP {{ character.stats.experience }} / {{ character.stats.nextLevelExp }}
   |  ^^^^^^^^^^^^^^^^^^^^^^^^^^^^^^^^^^^^^^^^^^^^^^^^^^^^^^^^^^^^^^^^^^^^^^^^^^^^^^^^^^^
28 |            （残り: {{ character.stats.nextLevelExp - character.stats.experience }}）
   |  ^^^^^^^^^^^^^^^^^^^^^^^^^^^^^^^^^^^^^^^^^^^^^^^^^^^^^^^^^^^^^^^^^^^^^^^^^^^^^^^
29 |          </td>
   |  ^^^^^^^^^^^^^[39m
  Plugin: [35mvite:vue[39m
  File: [36mC:/Users/skkt3/ドキュメント/Github/game-project/src/components/modals/status/StatsTab.vue[39m
[2m4:39:32[22m [33m[1m[vite][22m[39m [33m[2m(client)[22m[39m [33mwarning: <td> cannot be child of <div>, according to HTML specifications. This can cause hydration errors or potentially disrupt future functionality.
29 |          </td>
30 |            <!-- ★ テスト用：EXP増減ボタン -->
31 |          <td class="exp-cell">
   |          ^^^^^^^^^^^^^^^^^^^^^
32 |            <button @click="addExp(-500)" class="exp-btn minus">-500</button>
   |  ^^^^^^^^^^^^^^^^^^^^^^^^^^^^^^^^^^^^^^^^^^^^^^^^^^^^^^^^^^^^^^^^^^^^^^^^^^^
33 |          </td>
   |  ^^^^^^^^^^^^^[39m
  Plugin: [35mvite:vue[39m
  File: [36mC:/Users/skkt3/ドキュメント/Github/game-project/src/components/modals/status/StatsTab.vue[39m
[2m4:39:32[22m [33m[1m[vite][22m[39m [33m[2m(client)[22m[39m [33mwarning: <td> cannot be child of <div>, according to HTML specifications. This can cause hydration errors or potentially disrupt future functionality.
32 |            <button @click="addExp(-500)" class="exp-btn minus">-500</button>
33 |          </td>
34 |          <td class="exp-cell">
   |          ^^^^^^^^^^^^^^^^^^^^^
35 |            <button @click="addExp(500)"  class="exp-btn plus">+500</button>
   |  ^^^^^^^^^^^^^^^^^^^^^^^^^^^^^^^^^^^^^^^^^^^^^^^^^^^^^^^^^^^^^^^^^^^^^^^^^^
36 |          </td>
   |  ^^^^^^^^^^^^^[39m
  Plugin: [35mvite:vue[39m
  File: [36mC:/Users/skkt3/ドキュメント/Github/game-project/src/components/modals/status/StatsTab.vue[39m
[2m4:39:32[22m [33m[1m[vite][22m[39m [33m[2m(client)[22m[39m [33mwarning: <td> cannot be child of <div>, according to HTML specifications. This can cause hydration errors or potentially disrupt future functionality.
37 |        </div>
38 |        <div v-else class="magic-exp-row">
39 |          <td class="exp-cell">
   |          ^^^^^^^^^^^^^^^^^^^^^
40 |            <button
   |  ^^^^^^^^^^^^^^^^^
41 |            :class="{ 'lvup-active': props.character.attribute.selected.length < props.character.magic.magicRank }"
   |  ^^^^^^^^^^^^^^^^^^^^^^^^^^^^^^^^^^^^^^^^^^^^^^^^^^^^^^^^^^^^^^^^^^^^^^^^^^^^^^^^^^^^^^^^^^^^^^^^^^^^^^^^^^^^^^^^^
42 |            :disabled="!(props.character.attribute.selected.length < props.character.magic.magicRank)"
   |  ^^^^^^^^^^^^^^^^^^^^^^^^^^^^^^^^^^^^^^^^^^^^^^^^^^^^^^^^^^^^^^^^^^^^^^^^^^^^^^^^^^^^^^^^^^^^^^^^^^^^
43 |            @click="openAttributeModal">
   |  ^^^^^^^^^^^^^^^^^^^^^^^^^^^^^^^^^^^^^^
44 |            属性を追加する
   |  ^^^^^^^^^^^^^^^^^
45 |            </button>
   |  ^^^^^^^^^^^^^^^^^^^
46 |          </td>
   |  ^^^^^^^^^^^^^[39m
  Plugin: [35mvite:vue[39m
  File: [36mC:/Users/skkt3/ドキュメント/Github/game-project/src/components/modals/status/StatsTab.vue[39m
[2m0:32:55[22m [31m[1m[vite][22m[39m [31mInternal server error: Failed to parse source for import analysis because the content contains invalid JS syntax. If you are using JSX, make sure to name the file with the .jsx or .tsx extension.[39m
  Plugin: [35mvite:import-analysis[39m
  File: [36mC:/Users/skkt3/ドキュメント/Github/game-project/2d_bone_editor_split/app.js[39m:2248:0
[33m  2246|    render();
  2247|  }
  2248|  }
     |  ^
  2249|  
  2250|  function renderFrameButtons(){[39m
      at TransformPluginContext._formatLog (file:///C:/Users/skkt3/%E3%83%89%E3%82%AD%E3%83%A5%E3%83%A1%E3%83%B3%E3%83%88/Github/game-project/node_modules/vite/dist/node/chunks/dep-BHkUv4Z8.js:31460:43)
      at TransformPluginContext.error (file:///C:/Users/skkt3/%E3%83%89%E3%82%AD%E3%83%A5%E3%83%A1%E3%83%B3%E3%83%88/Github/game-project/node_modules/vite/dist/node/chunks/dep-BHkUv4Z8.js:31457:14)
      at TransformPluginContext.transform (file:///C:/Users/skkt3/%E3%83%89%E3%82%AD%E3%83%A5%E3%83%A1%E3%83%B3%E3%83%88/Github/game-project/node_modules/vite/dist/node/chunks/dep-BHkUv4Z8.js:29962:10)
      at async EnvironmentPluginContainer.transform (file:///C:/Users/skkt3/%E3%83%89%E3%82%AD%E3%83%A5%E3%83%A1%E3%83%B3%E3%83%88/Github/game-project/node_modules/vite/dist/node/chunks/dep-BHkUv4Z8.js:31274:14)
      at async loadAndTransform (file:///C:/Users/skkt3/%E3%83%89%E3%82%AD%E3%83%A5%E3%83%A1%E3%83%B3%E3%83%88/Github/game-project/node_modules/vite/dist/node/chunks/dep-BHkUv4Z8.js:26451:26)
      at async viteTransformMiddleware (file:///C:/Users/skkt3/%E3%83%89%E3%82%AD%E3%83%A5%E3%83%A1%E3%83%B3%E3%83%88/Github/game-project/node_modules/vite/dist/node/chunks/dep-BHkUv4Z8.js:27536:20)
[bone-motion-projects] Error: ボーン、レイヤー順、フレームが揃ったプロジェクトが必要です
    at validateProject (file:///C:/Users/skkt3/%E3%83%89%E3%82%AD%E3%83%A5%E3%83%A1%E3%83%B3%E3%83%88/Github/game-project/node_modules/.vite-temp/vite.config.mjs.timestamp-1786125838349-636dd43a1219.mjs:611:11)
    at file:///C:/Users/skkt3/%E3%83%89%E3%82%AD%E3%83%A5%E3%83%A1%E3%83%B3%E3%83%88/Github/game-project/node_modules/.vite-temp/vite.config.mjs.timestamp-1786125838349-636dd43a1219.mjs:632:13
    at process.processTicksAndRejections (node:internal/process/task_queues:105:5)
[33mThe glob option "as" has been deprecated in favour of "query". Please update `as: 'url'` to `query: '?url', import: 'default'`.[39m
[33mThe glob option "as" has been deprecated in favour of "query". Please update `as: 'url'` to `query: '?url', import: 'default'`.[39m
[33mThe glob option "as" has been deprecated in favour of "query". Please update `as: 'url'` to `query: '?url', import: 'default'`.[39m
[33mThe glob option "as" has been deprecated in favour of "query". Please update `as: 'url'` to `query: '?url', import: 'default'`.[39m
[33mThe glob option "as" has been deprecated in favour of "query". Please update `as: 'url'` to `query: '?url', import: 'default'`.[39m
[33mThe glob option "as" has been deprecated in favour of "query". Please update `as: 'url'` to `query: '?url', import: 'default'`.[39m
[33mThe glob option "as" has been deprecated in favour of "query". Please update `as: 'url'` to `query: '?url', import: 'default'`.[39m
[33mThe glob option "as" has been deprecated in favour of "query". Please update `as: 'url'` to `query: '?url', import: 'default'`.[39m
[33mThe glob option "as" has been deprecated in favour of "query". Please update `as: 'url'` to `query: '?url', import: 'default'`.[39m
[2m22:54:41[22m [33m[1m[vite][22m[39m [33m[2m(client)[22m[39m [33mwarning: <td> cannot be child of <div>, according to HTML specifications. This can cause hydration errors or potentially disrupt future functionality.
4  |          
5  |        <div v-if="activeTab !== '魔法'" class="exp-div">
6  |          <td class="exp-btn-cell">
   |          ^^^^^^^^^^^^^^^^^^^^^^^^^
7  |            <button 
   |  ^^^^^^^^^^^^^^^^^^
8  |              class="lvup-btn"
   |  ^^^^^^^^^^^^^^^^^^^^^^^^^^^^
9  |              :class="{ 'lvup-active': character.stats.experience >= character.stats.nextLevelExp }"
   |  ^^^^^^^^^^^^^^^^^^^^^^^^^^^^^^^^^^^^^^^^^^^^^^^^^^^^^^^^^^^^^^^^^^^^^^^^^^^^^^^^^^^^^^^^^^^^^^^^^^
10 |              :disabled="character.stats.experience < character.stats.nextLevelExp"
   |  ^^^^^^^^^^^^^^^^^^^^^^^^^^^^^^^^^^^^^^^^^^^^^^^^^^^^^^^^^^^^^^^^^^^^^^^^^^^^^^^^^
11 |              @click="levelUpMode = !levelUpMode"
   |  ^^^^^^^^^^^^^^^^^^^^^^^^^^^^^^^^^^^^^^^^^^^^^^^
12 |            >
   |  ^^^^^^^^^^^
13 |              Lvアップ
   |  ^^^^^^^^^^^^^^^^^
14 |            </button>
   |  ^^^^^^^^^^^^^^^^^^^
15 |          </td>
   |  ^^^^^^^^^^^^^[39m
  Plugin: [35mvite:vue[39m
  File: [36mC:/Users/skkt3/ドキュメント/Github/game-project/src/components/modals/status/StatsTab.vue[39m
[2m22:54:41[22m [33m[1m[vite][22m[39m [33m[2m(client)[22m[39m [33mwarning: <td> cannot be child of <div>, according to HTML specifications. This can cause hydration errors or potentially disrupt future functionality.
14 |            </button>
15 |          </td>
16 |          <td class="exp-btn-cell">
   |          ^^^^^^^^^^^^^^^^^^^^^^^^^
17 |            <button
   |  ^^^^^^^^^^^^^^^^^
18 |              class="addclass-btn"
   |  ^^^^^^^^^^^^^^^^^^^^^^^^^^^^^^^^
19 |              :class="{ 'lvup-active': character.stats.experience >= character.stats.nextLevelExp }"
   |  ^^^^^^^^^^^^^^^^^^^^^^^^^^^^^^^^^^^^^^^^^^^^^^^^^^^^^^^^^^^^^^^^^^^^^^^^^^^^^^^^^^^^^^^^^^^^^^^^^^
20 |              :disabled="character.stats.experience < character.stats.nextLevelExp"
   |  ^^^^^^^^^^^^^^^^^^^^^^^^^^^^^^^^^^^^^^^^^^^^^^^^^^^^^^^^^^^^^^^^^^^^^^^^^^^^^^^^^
21 |              @click="openAddClassModal"
   |  ^^^^^^^^^^^^^^^^^^^^^^^^^^^^^^^^^^^^^^
22 |            >
   |  ^^^^^^^^^^^
23 |              新規取得
   |  ^^^^^^^^^^^^^^^^
24 |            </button>
   |  ^^^^^^^^^^^^^^^^^^^
25 |          </td>
   |  ^^^^^^^^^^^^^[39m
  Plugin: [35mvite:vue[39m
  File: [36mC:/Users/skkt3/ドキュメント/Github/game-project/src/components/modals/status/StatsTab.vue[39m
[2m22:54:41[22m [33m[1m[vite][22m[39m [33m[2m(client)[22m[39m [33mwarning: <td> cannot be child of <div>, according to HTML specifications. This can cause hydration errors or potentially disrupt future functionality.
24 |            </button>
25 |          </td>
26 |          <td class="exp-cell">
   |          ^^^^^^^^^^^^^^^^^^^^^
27 |            EXP {{ character.stats.experience }} / {{ character.stats.nextLevelExp }}
   |  ^^^^^^^^^^^^^^^^^^^^^^^^^^^^^^^^^^^^^^^^^^^^^^^^^^^^^^^^^^^^^^^^^^^^^^^^^^^^^^^^^^^
28 |            （残り: {{ character.stats.nextLevelExp - character.stats.experience }}）
   |  ^^^^^^^^^^^^^^^^^^^^^^^^^^^^^^^^^^^^^^^^^^^^^^^^^^^^^^^^^^^^^^^^^^^^^^^^^^^^^^^
29 |          </td>
   |  ^^^^^^^^^^^^^[39m
  Plugin: [35mvite:vue[39m
  File: [36mC:/Users/skkt3/ドキュメント/Github/game-project/src/components/modals/status/StatsTab.vue[39m
[2m22:54:41[22m [33m[1m[vite][22m[39m [33m[2m(client)[22m[39m [33mwarning: <td> cannot be child of <div>, according to HTML specifications. This can cause hydration errors or potentially disrupt future functionality.
29 |          </td>
30 |            <!-- ★ テスト用：EXP増減ボタン -->
31 |          <td class="exp-cell">
   |          ^^^^^^^^^^^^^^^^^^^^^
32 |            <button @click="addExp(-500)" class="exp-btn minus">-500</button>
   |  ^^^^^^^^^^^^^^^^^^^^^^^^^^^^^^^^^^^^^^^^^^^^^^^^^^^^^^^^^^^^^^^^^^^^^^^^^^^
33 |          </td>
   |  ^^^^^^^^^^^^^[39m
  Plugin: [35mvite:vue[39m
  File: [36mC:/Users/skkt3/ドキュメント/Github/game-project/src/components/modals/status/StatsTab.vue[39m
[2m22:54:41[22m [33m[1m[vite][22m[39m [33m[2m(client)[22m[39m [33mwarning: <td> cannot be child of <div>, according to HTML specifications. This can cause hydration errors or potentially disrupt future functionality.
32 |            <button @click="addExp(-500)" class="exp-btn minus">-500</button>
33 |          </td>
34 |          <td class="exp-cell">
   |          ^^^^^^^^^^^^^^^^^^^^^
35 |            <button @click="addExp(500)"  class="exp-btn plus">+500</button>
   |  ^^^^^^^^^^^^^^^^^^^^^^^^^^^^^^^^^^^^^^^^^^^^^^^^^^^^^^^^^^^^^^^^^^^^^^^^^^
36 |          </td>
   |  ^^^^^^^^^^^^^[39m
  Plugin: [35mvite:vue[39m
  File: [36mC:/Users/skkt3/ドキュメント/Github/game-project/src/components/modals/status/StatsTab.vue[39m
[2m22:54:41[22m [33m[1m[vite][22m[39m [33m[2m(client)[22m[39m [33mwarning: <td> cannot be child of <div>, according to HTML specifications. This can cause hydration errors or potentially disrupt future functionality.
37 |        </div>
38 |        <div v-else class="magic-exp-row">
39 |          <td class="exp-cell">
   |          ^^^^^^^^^^^^^^^^^^^^^
40 |            <button
   |  ^^^^^^^^^^^^^^^^^
41 |            :class="{ 'lvup-active': props.character.attribute.selected.length < props.character.magic.magicRank }"
   |  ^^^^^^^^^^^^^^^^^^^^^^^^^^^^^^^^^^^^^^^^^^^^^^^^^^^^^^^^^^^^^^^^^^^^^^^^^^^^^^^^^^^^^^^^^^^^^^^^^^^^^^^^^^^^^^^^^
42 |            :disabled="!(props.character.attribute.selected.length < props.character.magic.magicRank)"
   |  ^^^^^^^^^^^^^^^^^^^^^^^^^^^^^^^^^^^^^^^^^^^^^^^^^^^^^^^^^^^^^^^^^^^^^^^^^^^^^^^^^^^^^^^^^^^^^^^^^^^^
43 |            @click="openAttributeModal">
   |  ^^^^^^^^^^^^^^^^^^^^^^^^^^^^^^^^^^^^^^
44 |            属性を追加する
   |  ^^^^^^^^^^^^^^^^^
45 |            </button>
   |  ^^^^^^^^^^^^^^^^^^^
46 |          </td>
   |  ^^^^^^^^^^^^^[39m
  Plugin: [35mvite:vue[39m
  File: [36mC:/Users/skkt3/ドキュメント/Github/game-project/src/components/modals/status/StatsTab.vue[39m
[33mThe glob option "as" has been deprecated in favour of "query". Please update `as: 'url'` to `query: '?url', import: 'default'`.[39m
[33mThe glob option "as" has been deprecated in favour of "query". Please update `as: 'url'` to `query: '?url', import: 'default'`.[39m
[33mThe glob option "as" has been deprecated in favour of "query". Please update `as: 'url'` to `query: '?url', import: 'default'`.[39m
[33mThe glob option "as" has been deprecated in favour of "query". Please update `as: 'url'` to `query: '?url', import: 'default'`.[39m
[33mThe glob option "as" has been deprecated in favour of "query". Please update `as: 'url'` to `query: '?url', import: 'default'`.[39m
[33mThe glob option "as" has been deprecated in favour of "query". Please update `as: 'url'` to `query: '?url', import: 'default'`.[39m
[33mThe glob option "as" has been deprecated in favour of "query". Please update `as: 'url'` to `query: '?url', import: 'default'`.[39m
[33mThe glob option "as" has been deprecated in favour of "query". Please update `as: 'url'` to `query: '?url', import: 'default'`.[39m
[33mThe glob option "as" has been deprecated in favour of "query". Please update `as: 'url'` to `query: '?url', import: 'default'`.[39m
[33mThe glob option "as" has been deprecated in favour of "query". Please update `as: 'url'` to `query: '?url', import: 'default'`.[39m
[2m3:26:02[22m [33m[1m[vite][22m[39m [33m[2m(client)[22m[39m [33mwarning: <td> cannot be child of <div>, according to HTML specifications. This can cause hydration errors or potentially disrupt future functionality.
4  |          
5  |        <div v-if="activeTab !== '魔法'" class="exp-div">
6  |          <td class="exp-btn-cell">
   |          ^^^^^^^^^^^^^^^^^^^^^^^^^
7  |            <button 
   |  ^^^^^^^^^^^^^^^^^^
8  |              class="lvup-btn"
   |  ^^^^^^^^^^^^^^^^^^^^^^^^^^^^
9  |              :class="{ 'lvup-active': character.stats.experience >= character.stats.nextLevelExp }"
   |  ^^^^^^^^^^^^^^^^^^^^^^^^^^^^^^^^^^^^^^^^^^^^^^^^^^^^^^^^^^^^^^^^^^^^^^^^^^^^^^^^^^^^^^^^^^^^^^^^^^
10 |              :disabled="character.stats.experience < character.stats.nextLevelExp"
   |  ^^^^^^^^^^^^^^^^^^^^^^^^^^^^^^^^^^^^^^^^^^^^^^^^^^^^^^^^^^^^^^^^^^^^^^^^^^^^^^^^^
11 |              @click="levelUpMode = !levelUpMode"
   |  ^^^^^^^^^^^^^^^^^^^^^^^^^^^^^^^^^^^^^^^^^^^^^^^
12 |            >
   |  ^^^^^^^^^^^
13 |              Lvアップ
   |  ^^^^^^^^^^^^^^^^^
14 |            </button>
   |  ^^^^^^^^^^^^^^^^^^^
15 |          </td>
   |  ^^^^^^^^^^^^^[39m
  Plugin: [35mvite:vue[39m
  File: [36mC:/Users/skkt3/ドキュメント/Github/game-project/src/components/modals/status/StatsTab.vue[39m
[2m3:26:02[22m [33m[1m[vite][22m[39m [33m[2m(client)[22m[39m [33mwarning: <td> cannot be child of <div>, according to HTML specifications. This can cause hydration errors or potentially disrupt future functionality.
14 |            </button>
15 |          </td>
16 |          <td class="exp-btn-cell">
   |          ^^^^^^^^^^^^^^^^^^^^^^^^^
17 |            <button
   |  ^^^^^^^^^^^^^^^^^
18 |              class="addclass-btn"
   |  ^^^^^^^^^^^^^^^^^^^^^^^^^^^^^^^^
19 |              :class="{ 'lvup-active': character.stats.experience >= character.stats.nextLevelExp }"
   |  ^^^^^^^^^^^^^^^^^^^^^^^^^^^^^^^^^^^^^^^^^^^^^^^^^^^^^^^^^^^^^^^^^^^^^^^^^^^^^^^^^^^^^^^^^^^^^^^^^^
20 |              :disabled="character.stats.experience < character.stats.nextLevelExp"
   |  ^^^^^^^^^^^^^^^^^^^^^^^^^^^^^^^^^^^^^^^^^^^^^^^^^^^^^^^^^^^^^^^^^^^^^^^^^^^^^^^^^
21 |              @click="openAddClassModal"
   |  ^^^^^^^^^^^^^^^^^^^^^^^^^^^^^^^^^^^^^^
22 |            >
   |  ^^^^^^^^^^^
23 |              新規取得
   |  ^^^^^^^^^^^^^^^^
24 |            </button>
   |  ^^^^^^^^^^^^^^^^^^^
25 |          </td>
   |  ^^^^^^^^^^^^^[39m
  Plugin: [35mvite:vue[39m
  File: [36mC:/Users/skkt3/ドキュメント/Github/game-project/src/components/modals/status/StatsTab.vue[39m
[2m3:26:02[22m [33m[1m[vite][22m[39m [33m[2m(client)[22m[39m [33mwarning: <td> cannot be child of <div>, according to HTML specifications. This can cause hydration errors or potentially disrupt future functionality.
24 |            </button>
25 |          </td>
26 |          <td class="exp-cell">
   |          ^^^^^^^^^^^^^^^^^^^^^
27 |            EXP {{ character.stats.experience }} / {{ character.stats.nextLevelExp }}
   |  ^^^^^^^^^^^^^^^^^^^^^^^^^^^^^^^^^^^^^^^^^^^^^^^^^^^^^^^^^^^^^^^^^^^^^^^^^^^^^^^^^^^
28 |            （残り: {{ character.stats.nextLevelExp - character.stats.experience }}）
   |  ^^^^^^^^^^^^^^^^^^^^^^^^^^^^^^^^^^^^^^^^^^^^^^^^^^^^^^^^^^^^^^^^^^^^^^^^^^^^^^^
29 |          </td>
   |  ^^^^^^^^^^^^^[39m
  Plugin: [35mvite:vue[39m
  File: [36mC:/Users/skkt3/ドキュメント/Github/game-project/src/components/modals/status/StatsTab.vue[39m
[2m3:26:02[22m [33m[1m[vite][22m[39m [33m[2m(client)[22m[39m [33mwarning: <td> cannot be child of <div>, according to HTML specifications. This can cause hydration errors or potentially disrupt future functionality.
29 |          </td>
30 |            <!-- ★ テスト用：EXP増減ボタン -->
31 |          <td class="exp-cell">
   |          ^^^^^^^^^^^^^^^^^^^^^
32 |            <button @click="addExp(-500)" class="exp-btn minus">-500</button>
   |  ^^^^^^^^^^^^^^^^^^^^^^^^^^^^^^^^^^^^^^^^^^^^^^^^^^^^^^^^^^^^^^^^^^^^^^^^^^^
33 |          </td>
   |  ^^^^^^^^^^^^^[39m
  Plugin: [35mvite:vue[39m
  File: [36mC:/Users/skkt3/ドキュメント/Github/game-project/src/components/modals/status/StatsTab.vue[39m
[2m3:26:02[22m [33m[1m[vite][22m[39m [33m[2m(client)[22m[39m [33mwarning: <td> cannot be child of <div>, according to HTML specifications. This can cause hydration errors or potentially disrupt future functionality.
32 |            <button @click="addExp(-500)" class="exp-btn minus">-500</button>
33 |          </td>
34 |          <td class="exp-cell">
   |          ^^^^^^^^^^^^^^^^^^^^^
35 |            <button @click="addExp(500)"  class="exp-btn plus">+500</button>
   |  ^^^^^^^^^^^^^^^^^^^^^^^^^^^^^^^^^^^^^^^^^^^^^^^^^^^^^^^^^^^^^^^^^^^^^^^^^^
36 |          </td>
   |  ^^^^^^^^^^^^^[39m
  Plugin: [35mvite:vue[39m
  File: [36mC:/Users/skkt3/ドキュメント/Github/game-project/src/components/modals/status/StatsTab.vue[39m
[2m3:26:02[22m [33m[1m[vite][22m[39m [33m[2m(client)[22m[39m [33mwarning: <td> cannot be child of <div>, according to HTML specifications. This can cause hydration errors or potentially disrupt future functionality.
37 |        </div>
38 |        <div v-else class="magic-exp-row">
39 |          <td class="exp-cell">
   |          ^^^^^^^^^^^^^^^^^^^^^
40 |            <button
   |  ^^^^^^^^^^^^^^^^^
41 |            :class="{ 'lvup-active': props.character.attribute.selected.length < props.character.magic.magicRank }"
   |  ^^^^^^^^^^^^^^^^^^^^^^^^^^^^^^^^^^^^^^^^^^^^^^^^^^^^^^^^^^^^^^^^^^^^^^^^^^^^^^^^^^^^^^^^^^^^^^^^^^^^^^^^^^^^^^^^^
42 |            :disabled="!(props.character.attribute.selected.length < props.character.magic.magicRank)"
   |  ^^^^^^^^^^^^^^^^^^^^^^^^^^^^^^^^^^^^^^^^^^^^^^^^^^^^^^^^^^^^^^^^^^^^^^^^^^^^^^^^^^^^^^^^^^^^^^^^^^^^
43 |            @click="openAttributeModal">
   |  ^^^^^^^^^^^^^^^^^^^^^^^^^^^^^^^^^^^^^^
44 |            属性を追加する
   |  ^^^^^^^^^^^^^^^^^
45 |            </button>
   |  ^^^^^^^^^^^^^^^^^^^
46 |          </td>
   |  ^^^^^^^^^^^^^[39m
  Plugin: [35mvite:vue[39m
  File: [36mC:/Users/skkt3/ドキュメント/Github/game-project/src/components/modals/status/StatsTab.vue[39m
[33mThe glob option "as" has been deprecated in favour of "query". Please update `as: 'url'` to `query: '?url', import: 'default'`.[39m
[33mThe glob option "as" has been deprecated in favour of "query". Please update `as: 'url'` to `query: '?url', import: 'default'`.[39m
[33mThe glob option "as" has been deprecated in favour of "query". Please update `as: 'url'` to `query: '?url', import: 'default'`.[39m
[33mThe glob option "as" has been deprecated in favour of "query". Please update `as: 'url'` to `query: '?url', import: 'default'`.[39m
[33mThe glob option "as" has been deprecated in favour of "query". Please update `as: 'url'` to `query: '?url', import: 'default'`.[39m
[33mThe glob option "as" has been deprecated in favour of "query". Please update `as: 'url'` to `query: '?url', import: 'default'`.[39m
[33mThe glob option "as" has been deprecated in favour of "query". Please update `as: 'url'` to `query: '?url', import: 'default'`.[39m
[33mThe glob option "as" has been deprecated in favour of "query". Please update `as: 'url'` to `query: '?url', import: 'default'`.[39m
[33mThe glob option "as" has been deprecated in favour of "query". Please update `as: 'url'` to `query: '?url', import: 'default'`.[39m
[2m3:26:23[22m [33m[1m[vite][22m[39m [33m[2m(client)[22m[39m [33mwarning: <td> cannot be child of <div>, according to HTML specifications. This can cause hydration errors or potentially disrupt future functionality.
4  |          
5  |        <div v-if="activeTab !== '魔法'" class="exp-div">
6  |          <td class="exp-btn-cell">
   |          ^^^^^^^^^^^^^^^^^^^^^^^^^
7  |            <button 
   |  ^^^^^^^^^^^^^^^^^^
8  |              class="lvup-btn"
   |  ^^^^^^^^^^^^^^^^^^^^^^^^^^^^
9  |              :class="{ 'lvup-active': character.stats.experience >= character.stats.nextLevelExp }"
   |  ^^^^^^^^^^^^^^^^^^^^^^^^^^^^^^^^^^^^^^^^^^^^^^^^^^^^^^^^^^^^^^^^^^^^^^^^^^^^^^^^^^^^^^^^^^^^^^^^^^
10 |              :disabled="character.stats.experience < character.stats.nextLevelExp"
   |  ^^^^^^^^^^^^^^^^^^^^^^^^^^^^^^^^^^^^^^^^^^^^^^^^^^^^^^^^^^^^^^^^^^^^^^^^^^^^^^^^^
11 |              @click="levelUpMode = !levelUpMode"
   |  ^^^^^^^^^^^^^^^^^^^^^^^^^^^^^^^^^^^^^^^^^^^^^^^
12 |            >
   |  ^^^^^^^^^^^
13 |              Lvアップ
   |  ^^^^^^^^^^^^^^^^^
14 |            </button>
   |  ^^^^^^^^^^^^^^^^^^^
15 |          </td>
   |  ^^^^^^^^^^^^^[39m
  Plugin: [35mvite:vue[39m
  File: [36mC:/Users/skkt3/ドキュメント/Github/game-project/src/components/modals/status/StatsTab.vue[39m
[2m3:26:23[22m [33m[1m[vite][22m[39m [33m[2m(client)[22m[39m [33mwarning: <td> cannot be child of <div>, according to HTML specifications. This can cause hydration errors or potentially disrupt future functionality.
14 |            </button>
15 |          </td>
16 |          <td class="exp-btn-cell">
   |          ^^^^^^^^^^^^^^^^^^^^^^^^^
17 |            <button
   |  ^^^^^^^^^^^^^^^^^
18 |              class="addclass-btn"
   |  ^^^^^^^^^^^^^^^^^^^^^^^^^^^^^^^^
19 |              :class="{ 'lvup-active': character.stats.experience >= character.stats.nextLevelExp }"
   |  ^^^^^^^^^^^^^^^^^^^^^^^^^^^^^^^^^^^^^^^^^^^^^^^^^^^^^^^^^^^^^^^^^^^^^^^^^^^^^^^^^^^^^^^^^^^^^^^^^^
20 |              :disabled="character.stats.experience < character.stats.nextLevelExp"
   |  ^^^^^^^^^^^^^^^^^^^^^^^^^^^^^^^^^^^^^^^^^^^^^^^^^^^^^^^^^^^^^^^^^^^^^^^^^^^^^^^^^
21 |              @click="openAddClassModal"
   |  ^^^^^^^^^^^^^^^^^^^^^^^^^^^^^^^^^^^^^^
22 |            >
   |  ^^^^^^^^^^^
23 |              新規取得
   |  ^^^^^^^^^^^^^^^^
24 |            </button>
   |  ^^^^^^^^^^^^^^^^^^^
25 |          </td>
   |  ^^^^^^^^^^^^^[39m
  Plugin: [35mvite:vue[39m
  File: [36mC:/Users/skkt3/ドキュメント/Github/game-project/src/components/modals/status/StatsTab.vue[39m
[2m3:26:23[22m [33m[1m[vite][22m[39m [33m[2m(client)[22m[39m [33mwarning: <td> cannot be child of <div>, according to HTML specifications. This can cause hydration errors or potentially disrupt future functionality.
24 |            </button>
25 |          </td>
26 |          <td class="exp-cell">
   |          ^^^^^^^^^^^^^^^^^^^^^
27 |            EXP {{ character.stats.experience }} / {{ character.stats.nextLevelExp }}
   |  ^^^^^^^^^^^^^^^^^^^^^^^^^^^^^^^^^^^^^^^^^^^^^^^^^^^^^^^^^^^^^^^^^^^^^^^^^^^^^^^^^^^
28 |            （残り: {{ character.stats.nextLevelExp - character.stats.experience }}）
   |  ^^^^^^^^^^^^^^^^^^^^^^^^^^^^^^^^^^^^^^^^^^^^^^^^^^^^^^^^^^^^^^^^^^^^^^^^^^^^^^^
29 |          </td>
   |  ^^^^^^^^^^^^^[39m
  Plugin: [35mvite:vue[39m
  File: [36mC:/Users/skkt3/ドキュメント/Github/game-project/src/components/modals/status/StatsTab.vue[39m
[2m3:26:23[22m [33m[1m[vite][22m[39m [33m[2m(client)[22m[39m [33mwarning: <td> cannot be child of <div>, according to HTML specifications. This can cause hydration errors or potentially disrupt future functionality.
29 |          </td>
30 |            <!-- ★ テスト用：EXP増減ボタン -->
31 |          <td class="exp-cell">
   |          ^^^^^^^^^^^^^^^^^^^^^
32 |            <button @click="addExp(-500)" class="exp-btn minus">-500</button>
   |  ^^^^^^^^^^^^^^^^^^^^^^^^^^^^^^^^^^^^^^^^^^^^^^^^^^^^^^^^^^^^^^^^^^^^^^^^^^^
33 |          </td>
   |  ^^^^^^^^^^^^^[39m
  Plugin: [35mvite:vue[39m
  File: [36mC:/Users/skkt3/ドキュメント/Github/game-project/src/components/modals/status/StatsTab.vue[39m
[2m3:26:23[22m [33m[1m[vite][22m[39m [33m[2m(client)[22m[39m [33mwarning: <td> cannot be child of <div>, according to HTML specifications. This can cause hydration errors or potentially disrupt future functionality.
32 |            <button @click="addExp(-500)" class="exp-btn minus">-500</button>
33 |          </td>
34 |          <td class="exp-cell">
   |          ^^^^^^^^^^^^^^^^^^^^^
35 |            <button @click="addExp(500)"  class="exp-btn plus">+500</button>
   |  ^^^^^^^^^^^^^^^^^^^^^^^^^^^^^^^^^^^^^^^^^^^^^^^^^^^^^^^^^^^^^^^^^^^^^^^^^^
36 |          </td>
   |  ^^^^^^^^^^^^^[39m
  Plugin: [35mvite:vue[39m
  File: [36mC:/Users/skkt3/ドキュメント/Github/game-project/src/components/modals/status/StatsTab.vue[39m
[2m3:26:23[22m [33m[1m[vite][22m[39m [33m[2m(client)[22m[39m [33mwarning: <td> cannot be child of <div>, according to HTML specifications. This can cause hydration errors or potentially disrupt future functionality.
37 |        </div>
38 |        <div v-else class="magic-exp-row">
39 |          <td class="exp-cell">
   |          ^^^^^^^^^^^^^^^^^^^^^
40 |            <button
   |  ^^^^^^^^^^^^^^^^^
41 |            :class="{ 'lvup-active': props.character.attribute.selected.length < props.character.magic.magicRank }"
   |  ^^^^^^^^^^^^^^^^^^^^^^^^^^^^^^^^^^^^^^^^^^^^^^^^^^^^^^^^^^^^^^^^^^^^^^^^^^^^^^^^^^^^^^^^^^^^^^^^^^^^^^^^^^^^^^^^^
42 |            :disabled="!(props.character.attribute.selected.length < props.character.magic.magicRank)"
   |  ^^^^^^^^^^^^^^^^^^^^^^^^^^^^^^^^^^^^^^^^^^^^^^^^^^^^^^^^^^^^^^^^^^^^^^^^^^^^^^^^^^^^^^^^^^^^^^^^^^^^
43 |            @click="openAttributeModal">
   |  ^^^^^^^^^^^^^^^^^^^^^^^^^^^^^^^^^^^^^^
44 |            属性を追加する
   |  ^^^^^^^^^^^^^^^^^
45 |            </button>
   |  ^^^^^^^^^^^^^^^^^^^
46 |          </td>
   |  ^^^^^^^^^^^^^[39m
  Plugin: [35mvite:vue[39m
  File: [36mC:/Users/skkt3/ドキュメント/Github/game-project/src/components/modals/status/StatsTab.vue[39m
